Component: ARM Compiler 5.06 update 5 (build 528) Tool: armlink [4d35e2]

==============================================================================

Section Cross References

    startup_stm32f10x_md.o(STACK) refers (Special) to heapauxi.o(.text) for __use_two_region_memory
    startup_stm32f10x_md.o(HEAP) refers (Special) to heapauxi.o(.text) for __use_two_region_memory
    startup_stm32f10x_md.o(RESET) refers (Special) to heapauxi.o(.text) for __use_two_region_memory
    startup_stm32f10x_md.o(RESET) refers to startup_stm32f10x_md.o(STACK) for __initial_sp
    startup_stm32f10x_md.o(RESET) refers to startup_stm32f10x_md.o(.text) for Reset_Handler
    startup_stm32f10x_md.o(RESET) refers to stm32f10x_it.o(i.NMI_Handler) for NMI_Handler
    startup_stm32f10x_md.o(RESET) refers to stm32f10x_it.o(i.HardFault_Handler) for HardFault_Handler
    startup_stm32f10x_md.o(RESET) refers to stm32f10x_it.o(i.MemManage_Handler) for MemManage_Handler
    startup_stm32f10x_md.o(RESET) refers to stm32f10x_it.o(i.BusFault_Handler) for BusFault_Handler
    startup_stm32f10x_md.o(RESET) refers to stm32f10x_it.o(i.UsageFault_Handler) for UsageFault_Handler
    startup_stm32f10x_md.o(RESET) refers to stm32f10x_it.o(i.SVC_Handler) for SVC_Handler
    startup_stm32f10x_md.o(RESET) refers to stm32f10x_it.o(i.DebugMon_Handler) for DebugMon_Handler
    startup_stm32f10x_md.o(RESET) refers to stm32f10x_it.o(i.PendSV_Handler) for PendSV_Handler
    startup_stm32f10x_md.o(RESET) refers to stm32f10x_it.o(i.SysTick_Handler) for SysTick_Handler
    startup_stm32f10x_md.o(RESET) refers to main.o(i.TIM2_IRQHandler) for TIM2_IRQHandler
    startup_stm32f10x_md.o(RESET) refers to serial.o(i.USART3_IRQHandler) for USART3_IRQHandler
    startup_stm32f10x_md.o(.text) refers (Special) to heapauxi.o(.text) for __use_two_region_memory
    startup_stm32f10x_md.o(.text) refers to system_stm32f10x.o(i.SystemInit) for SystemInit
    startup_stm32f10x_md.o(.text) refers to __main.o(!!!main) for __main
    startup_stm32f10x_md.o(.text) refers to startup_stm32f10x_md.o(HEAP) for Heap_Mem
    startup_stm32f10x_md.o(.text) refers to startup_stm32f10x_md.o(STACK) for Stack_Mem
    system_stm32f10x.o(i.SetSysClock) refers to system_stm32f10x.o(i.SetSysClockTo72) for SetSysClockTo72
    system_stm32f10x.o(i.SystemCoreClockUpdate) refers to system_stm32f10x.o(.data) for SystemCoreClock
    system_stm32f10x.o(i.SystemInit) refers to system_stm32f10x.o(i.SetSysClock) for SetSysClock
    stm32f10x_adc.o(i.ADC_DeInit) refers to stm32f10x_rcc.o(i.RCC_APB2PeriphResetCmd) for RCC_APB2PeriphResetCmd
    stm32f10x_bkp.o(i.BKP_DeInit) refers to stm32f10x_rcc.o(i.RCC_BackupResetCmd) for RCC_BackupResetCmd
    stm32f10x_can.o(i.CAN_DeInit) refers to stm32f10x_rcc.o(i.RCC_APB1PeriphResetCmd) for RCC_APB1PeriphResetCmd
    stm32f10x_can.o(i.CAN_GetITStatus) refers to stm32f10x_can.o(i.CheckITStatus) for CheckITStatus
    stm32f10x_cec.o(i.CEC_DeInit) refers to stm32f10x_rcc.o(i.RCC_APB1PeriphResetCmd) for RCC_APB1PeriphResetCmd
    stm32f10x_dac.o(i.DAC_DeInit) refers to stm32f10x_rcc.o(i.RCC_APB1PeriphResetCmd) for RCC_APB1PeriphResetCmd
    stm32f10x_flash.o(i.FLASH_EnableWriteProtection) refers to stm32f10x_flash.o(i.FLASH_WaitForLastOperation) for FLASH_WaitForLastOperation
    stm32f10x_flash.o(i.FLASH_EraseAllBank1Pages) refers to stm32f10x_flash.o(i.FLASH_WaitForLastBank1Operation) for FLASH_WaitForLastBank1Operation
    stm32f10x_flash.o(i.FLASH_EraseAllPages) refers to stm32f10x_flash.o(i.FLASH_WaitForLastOperation) for FLASH_WaitForLastOperation
    stm32f10x_flash.o(i.FLASH_EraseOptionBytes) refers to stm32f10x_flash.o(i.FLASH_GetReadOutProtectionStatus) for FLASH_GetReadOutProtectionStatus
    stm32f10x_flash.o(i.FLASH_EraseOptionBytes) refers to stm32f10x_flash.o(i.FLASH_WaitForLastOperation) for FLASH_WaitForLastOperation
    stm32f10x_flash.o(i.FLASH_ErasePage) refers to stm32f10x_flash.o(i.FLASH_WaitForLastOperation) for FLASH_WaitForLastOperation
    stm32f10x_flash.o(i.FLASH_ProgramHalfWord) refers to stm32f10x_flash.o(i.FLASH_WaitForLastOperation) for FLASH_WaitForLastOperation
    stm32f10x_flash.o(i.FLASH_ProgramOptionByteData) refers to stm32f10x_flash.o(i.FLASH_WaitForLastOperation) for FLASH_WaitForLastOperation
    stm32f10x_flash.o(i.FLASH_ProgramWord) refers to stm32f10x_flash.o(i.FLASH_WaitForLastOperation) for FLASH_WaitForLastOperation
    stm32f10x_flash.o(i.FLASH_ReadOutProtection) refers to stm32f10x_flash.o(i.FLASH_WaitForLastOperation) for FLASH_WaitForLastOperation
    stm32f10x_flash.o(i.FLASH_UserOptionByteConfig) refers to stm32f10x_flash.o(i.FLASH_WaitForLastOperation) for FLASH_WaitForLastOperation
    stm32f10x_flash.o(i.FLASH_WaitForLastBank1Operation) refers to stm32f10x_flash.o(i.FLASH_GetBank1Status) for FLASH_GetBank1Status
    stm32f10x_flash.o(i.FLASH_WaitForLastOperation) refers to stm32f10x_flash.o(i.FLASH_GetBank1Status) for FLASH_GetBank1Status
[...]
    x$fpl$fadd                               0x080044c8   Section      196  faddsub_clz.o(x$fpl$fadd)
    _fadd1                                   0x080044d7   Thumb Code     0  faddsub_clz.o(x$fpl$fadd)
    x$fpl$fcmpinf                            0x0800458c   Section       24  fcmpi.o(x$fpl$fcmpinf)
    x$fpl$fdiv                               0x080045a4   Section      388  fdiv.o(x$fpl$fdiv)
    _fdiv1                                   0x080045a5   Thumb Code     0  fdiv.o(x$fpl$fdiv)
    x$fpl$ffix                               0x08004728   Section       54  ffix.o(x$fpl$ffix)
    x$fpl$ffixu                              0x08004760   Section       62  ffixu.o(x$fpl$ffixu)
    x$fpl$fflt                               0x080047a0   Section       48  fflt_clz.o(x$fpl$fflt)
    x$fpl$ffltu                              0x080047d0   Section       38  fflt_clz.o(x$fpl$ffltu)
    x$fpl$fleqf                              0x080047f8   Section      104  fleqf.o(x$fpl$fleqf)
    x$fpl$fmul                               0x08004860   Section      258  fmul.o(x$fpl$fmul)
    x$fpl$fnaninf                            0x08004962   Section      140  fnaninf.o(x$fpl$fnaninf)
    x$fpl$fretinf                            0x080049ee   Section       10  fretinf.o(x$fpl$fretinf)
    x$fpl$frleqf                             0x080049f8   Section       98  frleqf.o(x$fpl$frleqf)
    x$fpl$frsb                               0x08004a5a   Section       20  faddsub_clz.o(x$fpl$frsb)
    x$fpl$fsub                               0x08004a70   Section      234  faddsub_clz.o(x$fpl$fsub)
    _fsub1                                   0x08004a7f   Thumb Code     0  faddsub_clz.o(x$fpl$fsub)
    x$fpl$printf1                            0x08004b5a   Section        4  printf1.o(x$fpl$printf1)
    x$fpl$printf2                            0x08004b5e   Section        4  printf2.o(x$fpl$printf2)
    .constdata                               0x08004b62   Section     2381  oled_data.o(.constdata)
    x$fpl$usenofp                            0x08004b62   Section        0  usenofp.o(x$fpl$usenofp)
    .constdata                               0x080054b0   Section       40  error.o(.constdata)
    sensorMap                                0x080054b0   Data          40  error.o(.constdata)
    .constdata                               0x080054d8   Section        8  _printf_wctomb.o(.constdata)
    initial_mbstate                          0x080054d8   Data           8  _printf_wctomb.o(.constdata)
    .constdata                               0x080054e0   Section       40  _printf_hex_int_ll_ptr.o(.constdata)
    uc_hextab                                0x080054e0   Data          20  _printf_hex_int_ll_ptr.o(.constdata)
    lc_hextab                                0x080054f4   Data          20  _printf_hex_int_ll_ptr.o(.constdata)
    .constdata                               0x08005508   Section       17  __printf_flags_ss_wp.o(.constdata)
    maptable                                 0x08005508   Data          17  __printf_flags_ss_wp.o(.constdata)
    .constdata                               0x08005519   Section       38  _printf_fp_hex.o(.constdata)
    lc_hextab                                0x08005519   Data          19  _printf_fp_hex.o(.constdata)
    uc_hextab                                0x0800552c   Data          19  _printf_fp_hex.o(.constdata)
    .constdata                               0x08005540   Section      148  bigflt0.o(.constdata)
    tenpwrs_x                                0x08005540   Data          60  bigflt0.o(.constdata)
    tenpwrs_i                                0x0800557c   Data          64  bigflt0.o(.constdata)
    locale$$data                             0x080055f4   Section       28  lc_numeric_c.o(locale$$data)
    __lcnum_c_name                           0x080055f8   Data           2  lc_numeric_c.o(locale$$data)
    __lcnum_c_start                          0x08005600   Data           0  lc_numeric_c.o(locale$$data)
    __lcnum_c_point                          0x0800560c   Data           0  lc_numeric_c.o(locale$$data)
    __lcnum_c_thousands                      0x0800560e   Data           0  lc_numeric_c.o(locale$$data)
    __lcnum_c_grouping                       0x0800560f   Data           0  lc_numeric_c.o(locale$$data)
    locale$$data                             0x08005610   Section      272  lc_ctype_c.o(locale$$data)
    __lcnum_c_end                            0x08005610   Data           0  lc_numeric_c.o(locale$$data)
    __lcctype_c_name                         0x08005614   Data           2  lc_ctype_c.o(locale$$data)
    __lcctype_c_start                        0x0800561c   Data           0  lc_ctype_c.o(locale$$data)
    __lcctype_c_end                          0x08005720   Data           0  lc_ctype_c.o(locale$$data)
    .data                                    0x20000000   Section       28  encoder.o(.data)
    .data                                    0x2000001c   Section        4  key.o(.data)
    Count                                    0x2000001d   Data           1  key.o(.data)
    CurrState                                0x2000001e   Data           1  key.o(.data)
    PrevState                                0x2000001f   Data           1  key.o(.data)
    .data                                    0x20000020   Section        2  serial.o(.data)
    .data                                    0x20000024   Section        4  error.o(.data)
    .data                                    0x20000028   Section       80  pid.o(.data)
    Current_PWM_L                            0x20000064   Data           4  pid.o(.data)
    Current_PWM_R                            0x20000068   Data           4  pid.o(.data)
    LastError                                0x2000006c   Data           4  pid.o(.data)
    Integral                                 0x20000070   Data           4  pid.o(.data)
    LastError                                0x20000074   Data           4  pid.o(.data)
    .data                                    0x20000078   Section      104  menu.o(.data)
    .data                                    0x200000e0   Section       24  element.o(.data)
    .bss                                     0x200000f8   Section     1024  oled.o(.bss)
    .bss                                     0x200004f8   Section       96  libspace.o(.bss)
    HEAP                                     0x20000558   Section      512  startup_stm32f10x_md.o(HEAP)
    Heap_Mem                                 0x20000558   Data         512  startup_stm32f10x_md.o(HEAP)
    STACK                                    0x20000758   Section     1024  startup_stm32f10x_md.o(STACK)
    Stack_Mem                                0x20000758   Data        1024  startup_stm32f10x_md.o(STACK)
    __initial_sp                             0x20000b58   Data           0  startup_stm32f10x_md.o(STACK)

    Global Symbols

    Symbol Name                              Value     Ov Type        Size  Object(Section)

    BuildAttributes$$THM_ISAv4$P$D$K$B$S$PE$A:L22UL41UL21$X:L11$S22US41US21$IEEE1$IW$USESV6$~STKCKD$USESV7$~SHL$OTIME$ROPI$IEEEX$EBA8$UX$STANDARDLIB$REQ8$PRES8$EABIv2 0x00000000   Number         0  anon$$obj.o ABSOLUTE
    __ARM_use_no_argv                        0x00000000   Number         0  main.o ABSOLUTE
    _printf_flags                            0x00000000   Number         0  printf_stubs.o ABSOLUTE
    _printf_return_value                     0x00000000   Number         0  printf_stubs.o ABSOLUTE
    _printf_sizespec                         0x00000000   Number         0  printf_stubs.o ABSOLUTE
    _printf_widthprec                        0x00000000   Number         0  printf_stubs.o ABSOLUTE
    __ARM_exceptions_init                     - Undefined Weak Reference
    __alloca_initialize                       - Undefined Weak Reference
    __arm_preinit_                            - Undefined Weak Reference
    __cpp_initialize__aeabi_                  - Undefined Weak Reference
    __cxa_finalize                            - Undefined Weak Reference
    __sigvec_lookup                           - Undefined Weak Reference
    _atexit_init                              - Undefined Weak Reference
    _call_atexit_fns                          - Undefined Weak Reference
    _clock_init                               - Undefined Weak Reference
    _fp_trap_init                             - Undefined Weak Reference
    _fp_trap_shutdown                         - Undefined Weak Reference
    _get_lc_collate                           - Undefined Weak Reference
    _get_lc_monetary                          - Undefined Weak Reference
    _get_lc_time                              - Undefined Weak Reference
    _getenv_init                              - Undefined Weak Reference
    _handle_redirection                       - Undefined Weak Reference
    _init_alloc                               - Undefined Weak Reference
    _init_user_alloc                          - Undefined Weak Reference
    _initio                                   - Undefined Weak Reference
    _printf_mbtowc                            - Undefined Weak Reference
    _printf_wc                                - Undefined Weak Reference
    _rand_init                                - Undefined Weak Reference
    _signal_finish                            - Undefined Weak Reference
    _signal_init                              - Undefined Weak Reference
    _terminate_alloc                          - Undefined Weak Reference
    _terminate_user_alloc                     - Undefined Weak Reference
    _terminateio                              - Undefined Weak Reference
    __Vectors_Size                           0x000000ec   Number         0  startup_stm32f10x_md.o ABSOLUTE
    __Vectors                                0x08000000   Data           4  startup_stm32f10x_md.o(RESET)
    __Vectors_End                            0x080000ec   Data           0  startup_stm32f10x_md.o(RESET)
    __main                                   0x080000ed   Thumb Code     8  __main.o(!!!main)
    __scatterload                            0x080000f5   Thumb Code     0  __scatter.o(!!!scatter)
    __scatterload_rt2                        0x080000f5   Thumb Code    44  __scatter.o(!!!scatter)
    __scatterload_rt2_thumb_only             0x080000f5   Thumb Code     0  __scatter.o(!!!scatter)
    __scatterload_null                       0x08000103   Thumb Code     0  __scatter.o(!!!scatter)
    __scatterload_copy                       0x08000129   Thumb Code    26  __scatter_copy.o(!!handler_copy)
    __scatterload_zeroinit                   0x08000145   Thumb Code    28  __scatter_zi.o(!!handler_zi)
    _printf_n                                0x08000161   Thumb Code     0  _printf_n.o(.ARM.Collect$$_printf_percent$$00000001)
    _printf_percent                          0x08000161   Thumb Code     0  _printf_percent.o(.ARM.Collect$$_printf_percent$$00000000)
    _printf_p                                0x08000167   Thumb Code     0  _printf_p.o(.ARM.Collect$$_printf_percent$$00000002)
    _printf_f                                0x0800016d   Thumb Code     0  _printf_f.o(.ARM.Collect$$_printf_percent$$00000003)
    _printf_e                                0x08000173   Thumb Code     0  _printf_e.o(.ARM.Collect$$_printf_percent$$00000004)
    _printf_g                                0x08000179   Thumb Code     0  _printf_g.o(.ARM.Collect$$_printf_percent$$00000005)
    _printf_a                                0x0800017f   Thumb Code     0  _printf_a.o(.ARM.Collect$$_printf_percent$$00000006)
    _printf_ll                               0x08000185   Thumb Code     0  _printf_ll.o(.ARM.Collect$$_printf_percent$$00000007)
    _printf_i                                0x0800018f   Thumb Code     0  _printf_i.o(.ARM.Collect$$_printf_percent$$00000008)
    _printf_d                                0x08000195   Thumb Code     0  _printf_d.o(.ARM.Collect$$_printf_percent$$00000009)
    _printf_u                                0x0800019b   Thumb Code     0  _printf_u.o(.ARM.Collect$$_printf_percent$$0000000A)
    _printf_o                                0x080001a1   Thumb Code     0  _printf_o.o(.ARM.Collect$$_printf_percent$$0000000B)
    _printf_x                                0x080001a7   Thumb Code     0  _printf_x.o(.ARM.Collect$$_printf_percent$$0000000C)
    _printf_lli                              0x080001ad   Thumb Code     0  _printf_lli.o(.ARM.Collect$$_printf_percent$$0000000D)
    _printf_lld                              0x080001b3   Thumb Code     0  _printf_lld.o(.ARM.Collect$$_printf_percent$$0000000E)
    _printf_llu                              0x080001b9   Thumb Code     0  _printf_llu.o(.ARM.Collect$$_printf_percent$$0000000F)
    _printf_llo                              0x080001bf   Thumb Code     0  _printf_llo.o(.ARM.Collect$$_printf_percent$$00000010)
    _printf_llx                              0x080001c5   Thumb Code     0  _printf_llx.o(.ARM.Collect$$_printf_percent$$00000011)
    _printf_l                                0x080001cb   Thumb Code     0  _printf_l.o(.ARM.Collect$$_printf_percent$$00000012)
    _printf_c                                0x080001d5   Thumb Code     0  _printf_c.o(.ARM.Collect$$_printf_percent$$00000013)
    _printf_s                                0x080001db   Thumb Code     0  _printf_s.o(.ARM.Collect$$_printf_percent$$00000014)
    _printf_lc                               0x080001e1   Thumb Code     0  _printf_lc.o(.ARM.Collect$$_printf_percent$$00000015)
    _printf_ls                               0x080001e7   Thumb Code     0  _printf_ls.o(.ARM.Collect$$_printf_percent$$00000016)
    _printf_percent_end                      0x080001ed   Thumb Code     0  _printf_percent_end.o(.ARM.Collect$$_printf_percent$$00000017)
    __rt_lib_init                            0x080001f1   Thumb Code     0  libinit.o(.ARM.Collect$$libinit$$00000000)
    __rt_lib_init_fp_1                       0x080001f3   Thumb Code     0  libinit2.o(.ARM.Collect$$libinit$$00000002)
    __rt_lib_init_heap_1                     0x080001f3   Thumb Code     0  libinit2.o(.ARM.Collect$$libinit$$0000000A)
    __rt_lib_init_lc_common                  0x080001f3   Thumb Code     0  libinit2.o(.ARM.Collect$$libinit$$0000000F)
    __rt_lib_init_preinit_1                  0x080001f3   Thumb Code     0  libinit2.o(.ARM.Collect$$libinit$$00000004)
    __rt_lib_init_rand_1                     0x080001f3   Thumb Code     0  libinit2.o(.ARM.Collect$$libinit$$0000000E)
    __rt_lib_init_user_alloc_1               0x080001f3   Thumb Code     0  libinit2.o(.ARM.Collect$$libinit$$0000000C)
    __rt_lib_init_lc_collate_1               0x080001f9   Thumb Code     0  libinit2.o(.ARM.Collect$$libinit$$00000011)
    __rt_lib_init_lc_ctype_2                 0x080001f9   Thumb Code     0  libinit2.o(.ARM.Collect$$libinit$$00000012)
    __rt_lib_init_lc_ctype_1                 0x08000205   Thumb Code     0  libinit2.o(.ARM.Collect$$libinit$$00000013)
    __rt_lib_init_lc_monetary_1              0x08000205   Thumb Code     0  libinit2.o(.ARM.Collect$$libinit$$00000015)
    __rt_lib_init_lc_numeric_2               0x08000205   Thumb Code     0  libinit2.o(.ARM.Collect$$libinit$$00000016)
    __rt_lib_init_alloca_1                   0x0800020f   Thumb Code     0  libinit2.o(.ARM.Collect$$libinit$$0000002E)
    __rt_lib_init_argv_1                     0x0800020f   Thumb Code     0  libinit2.o(.ARM.Collect$$libinit$$0000002C)
    __rt_lib_init_atexit_1                   0x0800020f   Thumb Code     0  libinit2.o(.ARM.Collect$$libinit$$0000001B)
    __rt_lib_init_clock_1                    0x0800020f   Thumb Code     0  libinit2.o(.ARM.Collect$$libinit$$00000021)
    __rt_lib_init_cpp_1                      0x0800020f   Thumb Code     0  libinit2.o(.ARM.Collect$$libinit$$00000032)
    __rt_lib_init_exceptions_1               0x0800020f   Thumb Code     0  libinit2.o(.ARM.Collect$$libinit$$00000030)
    __rt_lib_init_fp_trap_1                  0x0800020f   Thumb Code     0  libinit2.o(.ARM.Collect$$libinit$$0000001F)
    __rt_lib_init_getenv_1                   0x0800020f   Thumb Code     0  libinit2.o(.ARM.Collect$$libinit$$00000023)
    __rt_lib_init_lc_numeric_1               0x0800020f   Thumb Code     0  libinit2.o(.ARM.Collect$$libinit$$00000017)
    __rt_lib_init_lc_time_1                  0x0800020f   Thumb Code     0  libinit2.o(.ARM.Collect$$libinit$$00000019)
    __rt_lib_init_return                     0x0800020f   Thumb Code     0  libinit2.o(.ARM.Collect$$libinit$$00000033)
    __rt_lib_init_signal_1                   0x0800020f   Thumb Code     0  libinit2.o(.ARM.Collect$$libinit$$0000001D)
    __rt_lib_init_stdio_1                    0x0800020f   Thumb Code     0  libinit2.o(.ARM.Collect$$libinit$$00000025)
    __rt_lib_shutdown                        0x08000211   Thumb Code     0  libshutdown.o(.ARM.Collect$$libshutdown$$00000000)
    __rt_lib_shutdown_cpp_1                  0x08000213   Thumb Code     0  libshutdown2.o(.ARM.Collect$$libshutdown$$00000002)
    __rt_lib_shutdown_fp_trap_1              0x08000213   Thumb Code     0  libshutdown2.o(.ARM.Collect$$libshutdown$$00000007)
    __rt_lib_shutdown_heap_1                 0x08000213   Thumb Code     0  libshutdown2.o(.ARM.Collect$$libshutdown$$0000000F)
    __rt_lib_shutdown_return                 0x08000213   Thumb Code     0  libshutdown2.o(.ARM.Collect$$libshutdown$$00000010)
    __rt_lib_shutdown_signal_1               0x08000213   Thumb Code     0  libshutdown2.o(.ARM.Collect$$libshutdown$$0000000A)
    __rt_lib_shutdown_stdio_1                0x08000213   Thumb Code     0  libshutdown2.o(.ARM.Collect$$libshutdown$$00000004)
    __rt_lib_shutdown_user_alloc_1           0x08000213   Thumb Code     0  libshutdown2.o(.ARM.Collect$$libshutdown$$0000000C)
    __rt_entry                               0x08000215   Thumb Code     0  __rtentry.o(.ARM.Collect$$rtentry$$00000000)
    __rt_entry_presh_1                       0x08000215   Thumb Code     0  __rtentry2.o(.ARM.Collect$$rtentry$$00000002)
    __rt_entry_sh                            0x08000215   Thumb Code     0  __rtentry4.o(.ARM.Collect$$rtentry$$00000004)
    __rt_entry_li                            0x0800021b   Thumb Code     0  __rtentry2.o(.ARM.Collect$$rtentry$$0000000A)
    __rt_entry_postsh_1                      0x0800021b   Thumb Code     0  __rtentry2.o(.ARM.Collect$$rtentry$$00000009)
    __rt_entry_main                          0x0800021f   Thumb Code     0  __rtentry2.o(.ARM.Collect$$rtentry$$0000000D)
    __rt_entry_postli_1                      0x0800021f   Thumb Code     0  __rtentry2.o(.ARM.Collect$$rtentry$$0000000C)
    __rt_exit                                0x08000227   Thumb Code     0  rtexit.o(.ARM.Collect$$rtexit$$00000000)
    __rt_exit_ls                             0x08000229   Thumb Code     0  rtexit2.o(.ARM.Collect$$rtexit$$00000003)
    __rt_exit_prels_1                        0x08000229   Thumb Code     0  rtexit2.o(.ARM.Collect$$rtexit$$00000002)
    __rt_exit_exit                           0x0800022d   Thumb Code     0  rtexit2.o(.ARM.Collect$$rtexit$$00000004)
    Reset_Handler                            0x08000235   Thumb Code     8  startup_stm32f10x_md.o(.text)
    ADC1_2_IRQHandler                        0x0800024f   Thumb Code     0  startup_stm32f10x_md.o(.text)
    CAN1_RX1_IRQHandler                      0x0800024f   Thumb Code     0  startup_stm32f10x_md.o(.text)
    CAN1_SCE_IRQHandler                      0x0800024f   Thumb Code     0  startup_stm32f10x_md.o(.text)
    DMA1_Channel1_IRQHandler                 0x0800024f   Thumb Code     0  startup_stm32f10x_md.o(.text)
    DMA1_Channel2_IRQHandler                 0x0800024f   Thumb Code     0  startup_stm32f10x_md.o(.text)
    DMA1_Channel3_IRQHandler                 0x0800024f   Thumb Code     0  startup_stm32f10x_md.o(.text)
    DMA1_Channel4_IRQHandler                 0x0800024f   Thumb Code     0  startup_stm32f10x_md.o(.text)
    DMA1_Channel5_IRQHandler                 0x0800024f   Thumb Code     0  startup_stm32f10x_md.o(.text)
    DMA1_Channel6_IRQHandler                 0x0800024f   Thumb Code     0  startup_stm32f10x_md.o(.text)
    DMA1_Channel7_IRQHandler                 0x0800024f   Thumb Code     0  startup_stm32f10x_md.o(.text)
    EXTI0_IRQHandler                         0x0800024f   Thumb Code     0  startup_stm32f10x_md.o(.text)
    EXTI15_10_IRQHandler                     0x0800024f   Thumb Code     0  startup_stm32f10x_md.o(.text)
    EXTI1_IRQHandler                         0x0800024f   Thumb Code     0  startup_stm32f10x_md.o(.text)
    EXTI2_IRQHandler                         0x0800024f   Thumb Code     0  startup_stm32f10x_md.o(.text)
    EXTI3_IRQHandler                         0x0800024f   Thumb Code     0  startup_stm32f10x_md.o(.text)
    EXTI4_IRQHandler                         0x0800024f   Thumb Code     0  startup_stm32f10x_md.o(.text)
    EXTI9_5_IRQHandler                       0x0800024f   Thumb Code     0  startup_stm32f10x_md.o(.text)
    FLASH_IRQHandler                         0x0800024f   Thumb Code     0  startup_stm32f10x_md.o(.text)
    I2C1_ER_IRQHandler                       0x0800024f   Thumb Code     0  startup_stm32f10x_md.o(.text)
    I2C1_EV_IRQHandler                       0x0800024f   Thumb Code     0  startup_stm32f10x_md.o(.text)
    I2C2_ER_IRQHandler                       0x0800024f   Thumb Code     0  startup_stm32f10x_md.o(.text)
    I2C2_EV_IRQHandler                       0x0800024f   Thumb Code     0  startup_stm32f10x_md.o(.text)
    PVD_IRQHandler                           0x0800024f   Thumb Code     0  startup_stm32f10x_md.o(.text)
    RCC_IRQHandler                           0x0800024f   Thumb Code     0  startup_stm32f10x_md.o(.text)
    RTCAlarm_IRQHandler                      0x0800024f   Thumb Code     0  startup_stm32f10x_md.o(.text)
    RTC_IRQHandler                           0x0800024f   Thumb Code     0  startup_stm32f10x_md.o(.text)
    SPI1_IRQHandler                          0x0800024f   Thumb Code     0  startup_stm32f10x_md.o(.text)
    SPI2_IRQHandler                          0x0800024f   Thumb Code     0  startup_stm32f10x_md.o(.text)
    TAMPER_IRQHandler                        0x0800024f   Thumb Code     0  startup_stm32f10x_md.o(.text)
    TIM1_BRK_IRQHandler                      0x0800024f   Thumb Code     0  startup_stm32f10x_md.o(.text)
    TIM1_CC_IRQHandler                       0x0800024f   Thumb Code     0  startup_stm32f10x_md.o(.text)
    TIM1_TRG_COM_IRQHandler                  0x0800024f   Thumb Code     0  startup_stm32f10x_md.o(.text)
    TIM1_UP_IRQHandler                       0x0800024f   Thumb Code     0  startup_stm32f10x_md.o(.text)
    TIM3_IRQHandler                          0x0800024f   Thumb Code     0  startup_stm32f10x_md.o(.text)
    TIM4_IRQHandler                          0x0800024f   Thumb Code     0  startup_stm32f10x_md.o(.text)
    USART1_IRQHandler                        0x0800024f   Thumb Code     0  startup_stm32f10x_md.o(.text)
    USART2_IRQHandler                        0x0800024f   Thumb Code     0  startup_stm32f10x_md.o(.text)
    USBWakeUp_IRQHandler                     0x0800024f   Thumb Code     0  startup_stm32f10x_md.o(.text)
    USB_HP_CAN1_TX_IRQHandler                0x0800024f   Thumb Code     0  startup_stm32f10x_md.o(.text)
    USB_LP_CAN1_RX0_IRQHandler               0x0800024f   Thumb Code     0  startup_stm32f10x_md.o(.text)
    WWDG_IRQHandler                          0x0800024f   Thumb Code     0  startup_stm32f10x_md.o(.text)
    __user_initial_stackheap                 0x08000251   Thumb Code     0  startup_stm32f10x_md.o(.text)
    vsprintf                                 0x08000275   Thumb Code    32  vsprintf.o(.text)
    strcmp                                   0x08000299   Thumb Code   128  strcmpv7m.o(.text)
    __use_two_region_memory                  0x08000319   Thumb Code     2  heapauxi.o(.text)
    __rt_heap_escrow$2region                 0x0800031b   Thumb Code     2  heapauxi.o(.text)
    __rt_heap_expand$2region                 0x0800031d   Thumb Code     2  heapauxi.o(.text)
    _printf_pre_padding                      0x0800031f   Thumb Code    44  _printf_pad.o(.text)
    _printf_post_padding                     0x0800034b   Thumb Code    34  _printf_pad.o(.text)
    _printf_truncate_signed                  0x0800036d   Thumb Code    18  _printf_truncate.o(.text)
    _printf_truncate_unsigned                0x0800037f   Thumb Code    18  _printf_truncate.o(.text)
    _printf_str                              0x08000391   Thumb Code    82  _printf_str.o(.text)
    _printf_int_dec                          0x080003e5   Thumb Code   104  _printf_dec.o(.text)
    _printf_charcount                        0x0800045d   Thumb Code    40  _printf_charcount.o(.text)
    _printf_char_common                      0x0800048f   Thumb Code    32  _printf_char_common.o(.text)
    _sputc                                   0x080004b5   Thumb Code    10  _sputc.o(.text)
    _printf_wctomb                           0x080004c1   Thumb Code   182  _printf_wctomb.o(.text)
    _printf_longlong_dec                     0x0800057d   Thumb Code   108  _printf_longlong_dec.o(.text)
    _printf_longlong_oct                     0x080005f9   Thumb Code    66  _printf_oct_int_ll.o(.text)
    _printf_int_oct                          0x0800063b   Thumb Code    24  _printf_oct_int_ll.o(.text)
    _printf_ll_oct                           0x08000653   Thumb Code    12  _printf_oct_int_ll.o(.text)
    _printf_longlong_hex                     0x08000669   Thumb Code    86  _printf_hex_int_ll_ptr.o(.text)
    _printf_int_hex                          0x080006bf   Thumb Code    28  _printf_hex_int_ll_ptr.o(.text)
    _printf_ll_hex                           0x080006db   Thumb Code    12  _printf_hex_int_ll_ptr.o(.text)
    _printf_hex_ptr                          0x080006e7   Thumb Code    18  _printf_hex_int_ll_ptr.o(.text)
    __printf                                 0x080006fd   Thumb Code   388  __printf_flags_ss_wp.o(.text)
    _ll_udiv10                               0x08000885   Thumb Code   138  lludiv10.o(.text)
    _printf_int_common                       0x0800090f   Thumb Code   178  _printf_intcommon.o(.text)
    __lib_sel_fp_printf                      0x080009c1   Thumb Code     2  _printf_fp_dec.o(.text)
    _printf_fp_dec_real                      0x08000b73   Thumb Code   620  _printf_fp_dec.o(.text)
    _printf_fp_hex_real                      0x08000de1   Thumb Code   756  _printf_fp_hex.o(.text)
    _printf_cs_common                        0x080010dd   Thumb Code    20  _printf_char.o(.text)
    _printf_char                             0x080010f1   Thumb Code    16  _printf_char.o(.text)
    _printf_string                           0x08001101   Thumb Code     8  _printf_char.o(.text)
    _printf_lcs_common                       0x08001109   Thumb Code    20  _printf_wchar.o(.text)
    _printf_wchar                            0x0800111d   Thumb Code    16  _printf_wchar.o(.text)
    _printf_wstring                          0x0800112d   Thumb Code     8  _printf_wchar.o(.text)
    _wcrtomb                                 0x08001135   Thumb Code    64  _wcrtomb.o(.text)
    __user_libspace                          0x08001175   Thumb Code     8  libspace.o(.text)
    __user_perproc_libspace                  0x08001175   Thumb Code     0  libspace.o(.text)
    __user_perthread_libspace                0x08001175   Thumb Code     0  libspace.o(.text)
    __user_setup_stackheap                   0x0800117d   Thumb Code    74  sys_stackheap_outer.o(.text)
    __rt_ctype_table                         0x080011c9   Thumb Code    16  rt_ctype_table.o(.text)
    __rt_locale                              0x080011d9   Thumb Code     8  rt_locale_intlibspace.o(.text)
    _printf_fp_infnan                        0x080011e1   Thumb Code   112  _printf_fp_infnan.o(.text)
    _btod_etento                             0x08001261   Thumb Code   224  bigflt0.o(.text)
    exit                                     0x08001345   Thumb Code    18  exit.o(.text)
    _sys_exit                                0x08001359   Thumb Code     8  sys_exit.o(.text)
    __I$use$semihosting                      0x08001365   Thumb Code     0  use_no_semi.o(.text)
    __use_no_semihosting_swi                 0x08001365   Thumb Code     2  use_no_semi.o(.text)
    __semihosting_library_function           0x08001367   Thumb Code     0  indicate_semi.o(.text)
    _btod_d2e                                0x08001367   Thumb Code    62  btod.o(CL$$btod_d2e)
    _d2e_denorm_low                          0x080013a5   Thumb Code    70  btod.o(CL$$btod_d2e_denorm_low)
    _d2e_norm_op1                            0x080013eb   Thumb Code    96  btod.o(CL$$btod_d2e_norm_op1)
    __btod_div_common                        0x0800144b   Thumb Code   696  btod.o(CL$$btod_div_common)
    _e2e                                     0x08001783   Thumb Code   220  btod.o(CL$$btod_e2e)
    _btod_ediv                               0x0800185f   Thumb Code    42  btod.o(CL$$btod_ediv)
    _btod_emul                               0x08001889   Thumb Code    42  btod.o(CL$$btod_emul)
    __btod_mult_common                       0x080018b3   Thumb Code   580  btod.o(CL$$btod_mult_common)
    Boot_animation                           0x08001af9   Thumb Code    16  menu.o(i.Boot_animation)
    BusFault_Handler                         0x08001b15   Thumb Code     4  stm32f10x_it.o(i.BusFault_Handler)
    Clear_Location                           0x08001b19   Thumb Code     8  encoder.o(i.Clear_Location)
    Control                                  0x08001b25   Thumb Code   390  pid.o(i.Control)
    DebugMon_Handler                         0x08001ced   Thumb Code     2  stm32f10x_it.o(i.DebugMon_Handler)
    Delay_ms                                 0x08001cef   Thumb Code    24  delay.o(i.Delay_ms)
    Delay_us                                 0x08001d07   Thumb Code    46  delay.o(i.Delay_us)
    Different_Speed                          0x08001d35   Thumb Code   276  pid.o(i.Different_Speed)
    Element_Noline                           0x08001e65   Thumb Code   334  element.o(i.Element_Noline)
    Element_Normal                           0x08001fdd   Thumb Code    26  element.o(i.Element_Normal)
    Element_Process                          0x0800200d   Thumb Code    26  element.o(i.Element_Process)
    Element_Stop                             0x0800202d   Thumb Code   116  element.o(i.Element_Stop)
    Element_Ten                              0x080020c1   Thumb Code   154  element.o(i.Element_Ten)
    Encoder_Get_L                            0x0800217d   Thumb Code    28  encoder.o(i.Encoder_Get_L)
    Encoder_Get_R                            0x080021a1   Thumb Code    26  encoder.o(i.Encoder_Get_R)
    Encoder_Init                             0x080021c5   Thumb Code   290  encoder.o(i.Encoder_Init)
    Encoder_Read                             0x080022f9   Thumb Code   206  encoder.o(i.Encoder_Read)
    Error_Calcaulate                         0x080023e5   Thumb Code    98  error.o(i.Error_Calcaulate)
    FLASH_ClearFlag                          0x08002451   Thumb Code     6  stm32f10x_flash.o(i.FLASH_ClearFlag)
    FLASH_ErasePage                          0x0800245d   Thumb Code    72  stm32f10x_flash.o(i.FLASH_ErasePage)
    FLASH_GetBank1Status                     0x080024a9   Thumb Code    48  stm32f10x_flash.o(i.FLASH_GetBank1Status)
    FLASH_Lock                               0x080024dd   Thumb Code    14  stm32f10x_flash.o(i.FLASH_Lock)
    FLASH_ProgramHalfWord                    0x080024f1   Thumb Code    60  stm32f10x_flash.o(i.FLASH_ProgramHalfWord)
    FLASH_ReadHalfWord                       0x08002531   Thumb Code     6  store.o(i.FLASH_ReadHalfWord)
    FLASH_Unlock                             0x08002539   Thumb Code    12  stm32f10x_flash.o(i.FLASH_Unlock)
    FLASH_WaitForLastOperation               0x08002551   Thumb Code    38  stm32f10x_flash.o(i.FLASH_WaitForLastOperation)
    GPIO_Init                                0x08002577   Thumb Code   278  stm32f10x_gpio.o(i.GPIO_Init)
    GPIO_ReadInputDataBit                    0x0800268d   Thumb Code    18  stm32f10x_gpio.o(i.GPIO_ReadInputDataBit)
    GPIO_ResetBits                           0x0800269f   Thumb Code     4  stm32f10x_gpio.o(i.GPIO_ResetBits)
    GPIO_SetBits                             0x080026a3   Thumb Code     4  stm32f10x_gpio.o(i.GPIO_SetBits)
    GPIO_WriteBit                            0x080026a7   Thumb Code    10  stm32f10x_gpio.o(i.GPIO_WriteBit)
    HardFault_Handler                        0x080026b1   Thumb Code     4  stm32f10x_it.o(i.HardFault_Handler)
    Homepage_1                               0x080026b5   Thumb Code    82  menu.o(i.Homepage_1)
    Homepage_2                               0x08002751   Thumb Code   170  menu.o(i.Homepage_2)
    Homepage_3                               0x08002851   Thumb Code    62  menu.o(i.Homepage_3)
    Homepage_4                               0x080028b9   Thumb Code    68  menu.o(i.Homepage_4)
    Key_GetNum                               0x08002931   Thumb Code    24  key.o(i.Key_GetNum)
    Key_GetState                             0x0800294d   Thumb Code    66  key.o(i.Key_GetState)
    Key_Init                                 0x08002999   Thumb Code    60  key.o(i.Key_Init)
    Key_Tick                                 0x080029dd   Thumb Code    66  key.o(i.Key_Tick)
    MemManage_Handler                        0x08002a31   Thumb Code     4  stm32f10x_it.o(i.MemManage_Handler)
    Menu_Tick                                0x08002a35   Thumb Code    20  menu.o(i.Menu_Tick)
    Motor_Init                               0x08002a4d   Thumb Code    44  motor.o(i.Motor_Init)
    Motor_SetPWM_L                           0x08002a7d   Thumb Code    66  motor.o(i.Motor_SetPWM_L)
    Motor_SetPWM_R                           0x08002ac5   Thumb Code    66  motor.o(i.Motor_SetPWM_R)
    NMI_Handler                              0x08002b0d   Thumb Code     2  stm32f10x_it.o(i.NMI_Handler)
    NVIC_Init                                0x08002b11   Thumb Code   100  misc.o(i.NVIC_Init)
    NVIC_PriorityGroupConfig                 0x08002b81   Thumb Code    10  misc.o(i.NVIC_PriorityGroupConfig)
    OLED_Clear                               0x08002b95   Thumb Code    36  oled.o(i.OLED_Clear)
    OLED_ClearArea                           0x08002bbd   Thumb Code   140  oled.o(i.OLED_ClearArea)
    OLED_GPIO_Init                           0x08002c4d   Thumb Code    92  oled.o(i.OLED_GPIO_Init)
    OLED_I2C_SendByte                        0x08002cad   Thumb Code    62  oled.o(i.OLED_I2C_SendByte)
    OLED_I2C_Start                           0x08002ceb   Thumb Code    28  oled.o(i.OLED_I2C_Start)
    OLED_I2C_Stop                            0x08002d07   Thumb Code    22  oled.o(i.OLED_I2C_Stop)
    OLED_Init                                0x08002d1d   Thumb Code   154  oled.o(i.OLED_Init)
    OLED_Printf                              0x08002db7   Thumb Code    50  oled.o(i.OLED_Printf)
    OLED_SetCursor                           0x08002de9   Thumb Code    34  oled.o(i.OLED_SetCursor)
    OLED_ShowChar                            0x08002e0d   Thumb Code    74  oled.o(i.OLED_ShowChar)
    OLED_ShowImage                           0x08002e61   Thumb Code   248  oled.o(i.OLED_ShowImage)
    OLED_ShowString                          0x08002f5d   Thumb Code   442  oled.o(i.OLED_ShowString)
    OLED_Update                              0x08003121   Thumb Code    36  oled.o(i.OLED_Update)
    OLED_W_SCL                               0x08003149   Thumb Code    18  oled.o(i.OLED_W_SCL)
    OLED_W_SDA                               0x08003161   Thumb Code    18  oled.o(i.OLED_W_SDA)
    OLED_WriteCommand                        0x08003179   Thumb Code    32  oled.o(i.OLED_WriteCommand)
    OLED_WriteData                           0x08003199   Thumb Code    46  oled.o(i.OLED_WriteData)
    PID_Control                              0x080031c9   Thumb Code   134  pid.o(i.PID_Control)
    PWM_Init                                 0x0800325d   Thumb Code   180  pwm.o(i.PWM_Init)
    PWM_SetCompare1                          0x08003319   Thumb Code    14  pwm.o(i.PWM_SetCompare1)
    PWM_SetCompare4                          0x0800332d   Thumb Code    14  pwm.o(i.PWM_SetCompare4)
    PendSV_Handler                           0x08003341   Thumb Code     2  stm32f10x_it.o(i.PendSV_Handler)
    Place_Control                            0x08003345   Thumb Code    76  pid.o(i.Place_Control)
    RCC_APB1PeriphClockCmd                   0x08003395   Thumb Code    26  stm32f10x_rcc.o(i.RCC_APB1PeriphClockCmd)
    RCC_APB2PeriphClockCmd                   0x080033b5   Thumb Code    26  stm32f10x_rcc.o(i.RCC_APB2PeriphClockCmd)
    SENSOR_GPIO_Config                       0x080033d5   Thumb Code    66  sensor.o(i.SENSOR_GPIO_Config)
    SVC_Handler                              0x08003421   Thumb Code     2  stm32f10x_it.o(i.SVC_Handler)
    Store_Init                               0x0800350d   Thumb Code   166  store.o(i.Store_Init)
    Store_Save                               0x080035e9   Thumb Code   162  store.o(i.Store_Save)
    SysTick_Handler                          0x080036b1   Thumb Code     2  stm32f10x_it.o(i.SysTick_Handler)
    SystemInit                               0x080036b5   Thumb Code    78  system_stm32f10x.o(i.SystemInit)
    TIM2_IRQHandler                          0x08003955   Thumb Code    36  main.o(i.TIM2_IRQHandler)
    TIM_ARRPreloadConfig                     0x08003979   Thumb Code    24  stm32f10x_tim.o(i.TIM_ARRPreloadConfig)
    TIM_ClearFlag                            0x08003991   Thumb Code     6  stm32f10x_tim.o(i.TIM_ClearFlag)
    TIM_ClearITPendingBit                    0x08003997   Thumb Code     6  stm32f10x_tim.o(i.TIM_ClearITPendingBit)
    TIM_Cmd                                  0x0800399d   Thumb Code    24  stm32f10x_tim.o(i.TIM_Cmd)
    TIM_CtrlPWMOutputs                       0x080039b5   Thumb Code    30  stm32f10x_tim.o(i.TIM_CtrlPWMOutputs)
    TIM_EncoderInterfaceConfig               0x080039d3   Thumb Code    66  stm32f10x_tim.o(i.TIM_EncoderInterfaceConfig)
    TIM_GetCounter                           0x08003a15   Thumb Code     6  stm32f10x_tim.o(i.TIM_GetCounter)
    TIM_GetITStatus                          0x08003a1b   Thumb Code    34  stm32f10x_tim.o(i.TIM_GetITStatus)
    TIM_ICInit                               0x08003a3d   Thumb Code   150  stm32f10x_tim.o(i.TIM_ICInit)
    TIM_ICStructInit                         0x08003ae9   Thumb Code    18  stm32f10x_tim.o(i.TIM_ICStructInit)
    TIM_ITConfig                             0x08003afb   Thumb Code    18  stm32f10x_tim.o(i.TIM_ITConfig)
    TIM_InternalClockConfig                  0x08003b0d   Thumb Code    12  stm32f10x_tim.o(i.TIM_InternalClockConfig)
    TIM_OC1Init                              0x08003b19   Thumb Code   132  stm32f10x_tim.o(i.TIM_OC1Init)
    TIM_OC1PreloadConfig                     0x08003bb1   Thumb Code    18  stm32f10x_tim.o(i.TIM_OC1PreloadConfig)
    TIM_OC4Init                              0x08003bc5   Thumb Code   114  stm32f10x_tim.o(i.TIM_OC4Init)
    TIM_OCStructInit                         0x08003c41   Thumb Code    20  stm32f10x_tim.o(i.TIM_OCStructInit)
    TIM_SetCompare1                          0x08003c55   Thumb Code     4  stm32f10x_tim.o(i.TIM_SetCompare1)
    TIM_SetCompare4                          0x08003c59   Thumb Code     6  stm32f10x_tim.o(i.TIM_SetCompare4)
    TIM_SetCounter                           0x08003c5f   Thumb Code     4  stm32f10x_tim.o(i.TIM_SetCounter)
    TIM_SetIC1Prescaler                      0x08003c63   Thumb Code    18  stm32f10x_tim.o(i.TIM_SetIC1Prescaler)
    TIM_SetIC2Prescaler                      0x08003c75   Thumb Code    26  stm32f10x_tim.o(i.TIM_SetIC2Prescaler)
    TIM_SetIC3Prescaler                      0x08003c8f   Thumb Code    18  stm32f10x_tim.o(i.TIM_SetIC3Prescaler)
    TIM_SetIC4Prescaler                      0x08003ca1   Thumb Code    26  stm32f10x_tim.o(i.TIM_SetIC4Prescaler)
    TIM_TimeBaseInit                         0x08003cbd   Thumb Code   122  stm32f10x_tim.o(i.TIM_TimeBaseInit)
    Timer_Init                               0x08003d61   Thumb Code   124  timer.o(i.Timer_Init)
    USART3_IRQHandler                        0x08003ddd   Thumb Code    44  serial.o(i.USART3_IRQHandler)
    USART_ClearITPendingBit                  0x08003e15   Thumb Code    30  stm32f10x_usart.o(i.USART_ClearITPendingBit)
    USART_GetITStatus                        0x08003e33   Thumb Code    84  stm32f10x_usart.o(i.USART_GetITStatus)
    USART_ReceiveData                        0x08003e87   Thumb Code    10  stm32f10x_usart.o(i.USART_ReceiveData)
    UsageFault_Handler                       0x08003e91   Thumb Code     4  stm32f10x_it.o(i.UsageFault_Handler)
    __ARM_fpclassify                         0x08003e95   Thumb Code    40  fpclassify.o(i.__ARM_fpclassify)
    _is_digit                                0x08003ebd   Thumb Code    14  __printf_wp.o(i._is_digit)
    digital                                  0x08003ecd   Thumb Code   108  sensor.o(i.digital)
    main                                     0x08003f41   Thumb Code    48  main.o(i.main)
    menu_operation                           0x08003f75   Thumb Code   480  menu.o(i.menu_operation)
    _get_lc_numeric                          0x0800418d   Thumb Code    44  lc_numeric_c.o(locale$$code)
    _get_lc_ctype                            0x080041b9   Thumb Code    44  lc_ctype_c.o(locale$$code)
    __aeabi_d2f                              0x080041e5   Thumb Code     0  d2f.o(x$fpl$d2f)
    _d2f                                     0x080041e5   Thumb Code    98  d2f.o(x$fpl$d2f)
    __aeabi_i2d                              0x08004247   Thumb Code     0  dflt_clz.o(x$fpl$dflt)
    _dflt                                    0x08004247   Thumb Code    46  dflt_clz.o(x$fpl$dflt)
    __aeabi_dmul                             0x08004275   Thumb Code     0  dmul.o(x$fpl$dmul)
    _dmul                                    0x08004275   Thumb Code   332  dmul.o(x$fpl$dmul)
    __fpl_dnaninf                            0x080043c9   Thumb Code   156  dnaninf.o(x$fpl$dnaninf)
    __fpl_dretinf                            0x08004465   Thumb Code    12  dretinf.o(x$fpl$dretinf)
    __aeabi_f2d                              0x08004471   Thumb Code     0  f2d.o(x$fpl$f2d)
    _f2d                                     0x08004471   Thumb Code    86  f2d.o(x$fpl$f2d)
    __aeabi_fadd                             0x080044c9   Thumb Code     0  faddsub_clz.o(x$fpl$fadd)
    _fadd                                    0x080044c9   Thumb Code   196  faddsub_clz.o(x$fpl$fadd)
    __fpl_fcmp_Inf                           0x0800458d   Thumb Code    24  fcmpi.o(x$fpl$fcmpinf)
    __aeabi_fdiv                             0x080045a5   Thumb Code     0  fdiv.o(x$fpl$fdiv)
    _fdiv                                    0x080045a5   Thumb Code   384  fdiv.o(x$fpl$fdiv)
    __aeabi_f2iz                             0x08004729   Thumb Code     0  ffix.o(x$fpl$ffix)
    _ffix                                    0x08004729   Thumb Code    54  ffix.o(x$fpl$ffix)
    __aeabi_f2uiz                            0x08004761   Thumb Code     0  ffixu.o(x$fpl$ffixu)
    _ffixu                                   0x08004761   Thumb Code    62  ffixu.o(x$fpl$ffixu)
    __aeabi_i2f                              0x080047a1   Thumb Code     0  fflt_clz.o(x$fpl$fflt)
    _fflt                                    0x080047a1   Thumb Code    48  fflt_clz.o(x$fpl$fflt)
    __aeabi_ui2f                             0x080047d1   Thumb Code     0  fflt_clz.o(x$fpl$ffltu)
    _ffltu                                   0x080047d1   Thumb Code    38  fflt_clz.o(x$fpl$ffltu)
    __aeabi_cfcmple                          0x080047f9   Thumb Code     0  fleqf.o(x$fpl$fleqf)
    _fcmple                                  0x080047f9   Thumb Code   104  fleqf.o(x$fpl$fleqf)
    __fpl_fcmple_InfNaN                      0x0800484b   Thumb Code     0  fleqf.o(x$fpl$fleqf)
    __aeabi_fmul                             0x08004861   Thumb Code     0  fmul.o(x$fpl$fmul)
    _fmul                                    0x08004861   Thumb Code   258  fmul.o(x$fpl$fmul)
    __fpl_fnaninf                            0x08004963   Thumb Code   140  fnaninf.o(x$fpl$fnaninf)
    __fpl_fretinf                            0x080049ef   Thumb Code    10  fretinf.o(x$fpl$fretinf)
    __aeabi_cfrcmple                         0x080049f9   Thumb Code     0  frleqf.o(x$fpl$frleqf)
    _frcmple                                 0x080049f9   Thumb Code    98  frleqf.o(x$fpl$frleqf)
    __aeabi_frsub                            0x08004a5b   Thumb Code     0  faddsub_clz.o(x$fpl$frsb)
    _frsb                                    0x08004a5b   Thumb Code    20  faddsub_clz.o(x$fpl$frsb)
    __aeabi_fsub                             0x08004a71   Thumb Code     0  faddsub_clz.o(x$fpl$fsub)
    _fsub                                    0x08004a71   Thumb Code   234  faddsub_clz.o(x$fpl$fsub)
    _printf_fp_dec                           0x08004b5b   Thumb Code     4  printf1.o(x$fpl$printf1)
    _printf_fp_hex                           0x08004b5f   Thumb Code     4  printf2.o(x$fpl$printf2)
    OLED_F8x16                               0x08004b62   Data        1520  oled_data.o(.constdata)
    __I$use$fp                               0x08004b62   Number         0  usenofp.o(x$fpl$usenofp)
    OLED_F6x8                                0x08005152   Data         570  oled_data.o(.constdata)
    OLED_CF16x16                             0x0800538c   Data         259  oled_data.o(.constdata)
    Diode                                    0x0800548f   Data          32  oled_data.o(.constdata)
    Region$$Table$$Base                      0x080055d4   Number         0  anon$$obj.o(Region$$Table)
    Region$$Table$$Limit                     0x080055f4   Number         0  anon$$obj.o(Region$$Table)
    __ctype                                  0x0800561d   Data           0  lc_ctype_c.o(locale$$data)
    Speed_L                                  0x20000000   Data           4  encoder.o(.data)
    Speed_R                                  0x20000004   Data           4  encoder.o(.data)
    Speed_L_Temp                             0x20000008   Data           4  encoder.o(.data)
    Speed_R_Temp                             0x2000000c   Data           4  encoder.o(.data)
    Speed_Smooth                             0x20000010   Data           4  encoder.o(.data)
    Location                                 0x20000014   Data           4  encoder.o(.data)
    Real_Distance                            0x20000018   Data           4  encoder.o(.data)
    KeyNum                                   0x2000001c   Data           1  key.o(.data)
    Serial_RxData                            0x20000020   Data           1  serial.o(.data)
    Serial_RxFlag                            0x20000021   Data           1  serial.o(.data)
    err                                      0x20000024   Data           4  error.o(.data)
    Place_Enable                             0x20000028   Data           1  pid.o(.data)
    PWM_Enable                               0x20000029   Data           1  pid.o(.data)
    Speed_Out_L                              0x2000002c   Data           4  pid.o(.data)
    Speed_Out_R                              0x20000030   Data           4  pid.o(.data)
    Place_Out                                0x20000034   Data           4  pid.o(.data)
    sensor_err                               0x20000038   Data           4  pid.o(.data)
    Start_Flag                               0x2000003c   Data           1  pid.o(.data)
    Basic_Speed                              0x20000040   Data           4  pid.o(.data)
    Turn_factor                              0x20000044   Data           4  pid.o(.data)
    Left_Speed                               0x20000048   Data           4  pid.o(.data)
    Right_Speed                              0x2000004c   Data           4  pid.o(.data)
    Speed_PID                                0x20000050   Data          12  pid.o(.data)
    Place_PD                                 0x2000005c   Data           8  pid.o(.data)
    Key_Num                                  0x20000078   Data           1  menu.o(.data)
    func_index                               0x20000079   Data           1  menu.o(.data)
    Key_Flag                                 0x2000007c   Data           4  menu.o(.data)
    Adjust_Index                             0x20000080   Data           1  menu.o(.data)
    Stop_CoolDown                            0x20000084   Data           4  menu.o(.data)
    Speed_Index                              0x20000088   Data           4  menu.o(.data)
    current_operation_index                  0x2000008c   Data           4  menu.o(.data)
    table                                    0x20000090   Data          80  menu.o(.data)
    Element_Flag                             0x200000e0   Data           1  element.o(.data)
    Ten_Flag                                 0x200000e1   Data           1  element.o(.data)
    Ring_Flag                                0x200000e2   Data           1  element.o(.data)
    Noline_Flag                              0x200000e3   Data           1  element.o(.data)
    Stop_Flag                                0x200000e4   Data           1  element.o(.data)
    K                                        0x200000e5   Data           1  element.o(.data)
    Speed_Choice                             0x200000e8   Data          12  element.o(.data)
    Straight_Distance                        0x200000f4   Data           4  element.o(.data)
    OLED_DisplayBuf                          0x200000f8   Data        1024  oled.o(.bss)
    __libspace_start                         0x200004f8   Data          96  libspace.o(.bss)
    __temporary_stack_top$libspace           0x20000558   Data           0  libspace.o(.bss)



==============================================================================

Memory Map of the image

  Image Entry point : 0x080000ed

  Load Region LR_IROM1 (Base: 0x08000000, Size: 0x00005818, Max: 0x00010000, ABSOLUTE)

    Execution Region ER_IROM1 (Exec base: 0x08000000, Load base: 0x08000000, Size: 0x00005720, Max: 0x00010000, ABSOLUTE)

    Exec Addr    Load Addr    Size         Type   Attr      Idx    E Section Name        Object

    0x08000000   0x08000000   0x000000ec   Data   RO            3    RESET               startup_stm32f10x_md.o
    0x080000ec   0x080000ec   0x00000008   Code   RO         4069  * !!!main             c_w.l(__main.o)
    0x080000f4   0x080000f4   0x00000034   Code   RO         4518    !!!scatter          c_w.l(__scatter.o)
    0x08000128   0x08000128   0x0000001a   Code   RO         4520    !!handler_copy      c_w.l(__scatter_copy.o)
    0x08000142   0x08000142   0x00000002   PAD
    0x08000144   0x08000144   0x0000001c   Code   RO         4522    !!handler_zi        c_w.l(__scatter_zi.o)
    0x08000160   0x08000160   0x00000000   Code   RO         4229    .ARM.Collect$$_printf_percent$$00000000  c_w.l(_printf_percent.o)
    0x08000160   0x08000160   0x00000006   Code   RO         4218    .ARM.Collect$$_printf_percent$$00000001  c_w.l(_printf_n.o)
    0x08000166   0x08000166   0x00000006   Code   RO         4220    .ARM.Collect$$_printf_percent$$00000002  c_w.l(_printf_p.o)
    0x0800016c   0x0800016c   0x00000006   Code   RO         4225    .ARM.Collect$$_printf_percent$$00000003  c_w.l(_printf_f.o)
    0x08000172   0x08000172   0x00000006   Code   RO         4226    .ARM.Collect$$_printf_percent$$00000004  c_w.l(_printf_e.o)
    0x08000178   0x08000178   0x00000006   Code   RO         4227    .ARM.Collect$$_printf_percent$$00000005  c_w.l(_printf_g.o)
    0x0800017e   0x0800017e   0x00000006   Code   RO         4228    .ARM.Collect$$_printf_percent$$00000006  c_w.l(_printf_a.o)
    0x08000184   0x08000184   0x0000000a   Code   RO         4233    .ARM.Collect$$_printf_percent$$00000007  c_w.l(_printf_ll.o)
    0x0800018e   0x0800018e   0x00000006   Code   RO         4222    .ARM.Collect$$_printf_percent$$00000008  c_w.l(_printf_i.o)
    0x08000194   0x08000194   0x00000006   Code   RO         4223    .ARM.Collect$$_printf_percent$$00000009  c_w.l(_printf_d.o)
    0x0800019a   0x0800019a   0x00000006   Code   RO         4224    .ARM.Collect$$_printf_percent$$0000000A  c_w.l(_printf_u.o)
    0x080001a0   0x080001a0   0x00000006   Code   RO         4221    .ARM.Collect$$_printf_percent$$0000000B  c_w.l(_printf_o.o)
    0x080001a6   0x080001a6   0x00000006   Code   RO         4219    .ARM.Collect$$_printf_percent$$0000000C  c_w.l(_printf_x.o)
    0x080001ac   0x080001ac   0x00000006   Code   RO         4230    .ARM.Collect$$_printf_percent$$0000000D  c_w.l(_printf_lli.o)
    0x080001b2   0x080001b2   0x00000006   Code   RO         4231    .ARM.Collect$$_printf_percent$$0000000E  c_w.l(_printf_lld.o)
    0x080001b8   0x080001b8   0x00000006   Code   RO         4232    .ARM.Collect$$_printf_percent$$0000000F  c_w.l(_printf_llu.o)
    0x080001be   0x080001be   0x00000006   Code   RO         4237    .ARM.Collect$$_printf_percent$$00000010  c_w.l(_printf_llo.o)
    0x080001c4   0x080001c4   0x00000006   Code   RO         4238    .ARM.Collect$$_printf_percent$$00000011  c_w.l(_printf_llx.o)
    0x080001ca   0x080001ca   0x0000000a   Code   RO         4234    .ARM.Collect$$_printf_percent$$00000012  c_w.l(_printf_l.o)
    0x080001d4   0x080001d4   0x00000006   Code   RO         4216    .ARM.Collect$$_printf_percent$$00000013  c_w.l(_printf_c.o)
    0x080001da   0x080001da   0x00000006   Code   RO         4217    .ARM.Collect$$_printf_percent$$00000014  c_w.l(_printf_s.o)
    0x080001e0   0x080001e0   0x00000006   Code   RO         4235    .ARM.Collect$$_printf_percent$$00000015  c_w.l(_printf_lc.o)
    0x080001e6   0x080001e6   0x00000006   Code   RO         4236    .ARM.Collect$$_printf_percent$$00000016  c_w.l(_printf_ls.o)
    0x080001ec   0x080001ec   0x00000004   Code   RO         4322    .ARM.Collect$$_printf_percent$$00000017  c_w.l(_printf_percent_end.o)
    0x080001f0   0x080001f0   0x00000002   Code   RO         4380    .ARM.Collect$$libinit$$00000000  c_w.l(libinit.o)
    0x080001f2   0x080001f2   0x00000000   Code   RO         4391    .ARM.Collect$$libinit$$00000002  c_w.l(libinit2.o)
    0x080001f2   0x080001f2   0x00000000   Code   RO         4393    .ARM.Collect$$libinit$$00000004  c_w.l(libinit2.o)
    0x080001f2   0x080001f2   0x00000000   Code   RO         4396    .ARM.Collect$$libinit$$0000000A  c_w.l(libinit2.o)
    0x080001f2   0x080001f2   0x00000000   Code   RO         4398    .ARM.Collect$$libinit$$0000000C  c_w.l(libinit2.o)
    0x080001f2   0x080001f2   0x00000000   Code   RO         4400    .ARM.Collect$$libinit$$0000000E  c_w.l(libinit2.o)
    0x080001f2   0x080001f2   0x00000006   Code   RO         4401    .ARM.Collect$$libinit$$0000000F  c_w.l(libinit2.o)
    0x080001f8   0x080001f8   0x00000000   Code   RO         4403    .ARM.Collect$$libinit$$00000011  c_w.l(libinit2.o)
    0x080001f8   0x080001f8   0x0000000c   Code   RO         4404    .ARM.Collect$$libinit$$00000012  c_w.l(libinit2.o)
    0x08000204   0x08000204   0x00000000   Code   RO         4405    .ARM.Collect$$libinit$$00000013  c_w.l(libinit2.o)
    0x08000204   0x08000204   0x00000000   Code   RO         4407    .ARM.Collect$$libinit$$00000015  c_w.l(libinit2.o)
    0x08000204   0x08000204   0x0000000a   Code   RO         4408    .ARM.Collect$$libinit$$00000016  c_w.l(libinit2.o)
    0x0800020e   0x0800020e   0x00000000   Code   RO         4409    .ARM.Collect$$libinit$$00000017  c_w.l(libinit2.o)
    0x0800020e   0x0800020e   0x00000000   Code   RO         4411    .ARM.Collect$$libinit$$00000019  c_w.l(libinit2.o)
    0x0800020e   0x0800020e   0x00000000   Code   RO         4413    .ARM.Collect$$libinit$$0000001B  c_w.l(libinit2.o)
    0x0800020e   0x0800020e   0x00000000   Code   RO         4415    .ARM.Collect$$libinit$$0000001D  c_w.l(libinit2.o)
    0x0800020e   0x0800020e   0x00000000   Code   RO         4417    .ARM.Collect$$libinit$$0000001F  c_w.l(libinit2.o)
    0x0800020e   0x0800020e   0x00000000   Code   RO         4419    .ARM.Collect$$libinit$$00000021  c_w.l(libinit2.o)
    0x0800020e   0x0800020e   0x00000000   Code   RO         4421    .ARM.Collect$$libinit$$00000023  c_w.l(libinit2.o)
    0x0800020e   0x0800020e   0x00000000   Code   RO         4423    .ARM.Collect$$libinit$$00000025  c_w.l(libinit2.o)
    0x0800020e   0x0800020e   0x00000000   Code   RO         4427    .ARM.Collect$$libinit$$0000002C  c_w.l(libinit2.o)
    0x0800020e   0x0800020e   0x00000000   Code   RO         4429    .ARM.Collect$$libinit$$0000002E  c_w.l(libinit2.o)
    0x0800020e   0x0800020e   0x00000000   Code   RO         4431    .ARM.Collect$$libinit$$00000030  c_w.l(libinit2.o)
    0x0800020e   0x0800020e   0x00000000   Code   RO         4433    .ARM.Collect$$libinit$$00000032  c_w.l(libinit2.o)
    0x0800020e   0x0800020e   0x00000002   Code   RO         4434    .ARM.Collect$$libinit$$00000033  c_w.l(libinit2.o)
    0x08000210   0x08000210   0x00000002   Code   RO         4458    .ARM.Collect$$libshutdown$$00000000  c_w.l(libshutdown.o)
    0x08000212   0x08000212   0x00000000   Code   RO         4471    .ARM.Collect$$libshutdown$$00000002  c_w.l(libshutdown2.o)
    0x08000212   0x08000212   0x00000000   Code   RO         4473    .ARM.Collect$$libshutdown$$00000004  c_w.l(libshutdown2.o)
    0x08000212   0x08000212   0x00000000   Code   RO         4476    .ARM.Collect$$libshutdown$$00000007  c_w.l(libshutdown2.o)
    0x08000212   0x08000212   0x00000000   Code   RO         4479    .ARM.Collect$$libshutdown$$0000000A  c_w.l(libshutdown2.o)
    0x08000212   0x08000212   0x00000000   Code   RO         4481    .ARM.Collect$$libshutdown$$0000000C  c_w.l(libshutdown2.o)
    0x08000212   0x08000212   0x00000000   Code   RO         4484    .ARM.Collect$$libshutdown$$0000000F  c_w.l(libshutdown2.o)
    0x08000212   0x08000212   0x00000002   Code   RO         4485    .ARM.Collect$$libshutdown$$00000010  c_w.l(libshutdown2.o)
    0x08000214   0x08000214   0x00000000   Code   RO         4145    .ARM.Collect$$rtentry$$00000000  c_w.l(__rtentry.o)
    0x08000214   0x08000214   0x00000000   Code   RO         4288    .ARM.Collect$$rtentry$$00000002  c_w.l(__rtentry2.o)
    0x08000214   0x08000214   0x00000006   Code   RO         4300    .ARM.Collect$$rtentry$$00000004  c_w.l(__rtentry4.o)
    0x0800021a   0x0800021a   0x00000000   Code   RO         4290    .ARM.Collect$$rtentry$$00000009  c_w.l(__rtentry2.o)
    0x0800021a   0x0800021a   0x00000004   Code   RO         4291    .ARM.Collect$$rtentry$$0000000A  c_w.l(__rtentry2.o)
    0x0800021e   0x0800021e   0x00000000   Code   RO         4293    .ARM.Collect$$rtentry$$0000000C  c_w.l(__rtentry2.o)
    0x0800021e   0x0800021e   0x00000008   Code   RO         4294    .ARM.Collect$$rtentry$$0000000D  c_w.l(__rtentry2.o)
    0x08000226   0x08000226   0x00000002   Code   RO         4385    .ARM.Collect$$rtexit$$00000000  c_w.l(rtexit.o)
    0x08000228   0x08000228   0x00000000   Code   RO         4438    .ARM.Collect$$rtexit$$00000002  c_w.l(rtexit2.o)
    0x08000228   0x08000228   0x00000004   Code   RO         4439    .ARM.Collect$$rtexit$$00000003  c_w.l(rtexit2.o)
    0x0800022c   0x0800022c   0x00000006   Code   RO         4440    .ARM.Collect$$rtexit$$00000004  c_w.l(rtexit2.o)
    0x08000232   0x08000232   0x00000002   PAD
    0x08000234   0x08000234   0x00000040   Code   RO            4    .text               startup_stm32f10x_md.o
    0x08000274   0x08000274   0x00000024   Code   RO         4063    .text               c_w.l(vsprintf.o)
    0x08000298   0x08000298   0x00000080   Code   RO         4065    .text               c_w.l(strcmpv7m.o)
    0x08000318   0x08000318   0x00000006   Code   RO         4067    .text               c_w.l(heapauxi.o)
    0x0800031e   0x0800031e   0x0000004e   Code   RO         4150    .text               c_w.l(_printf_pad.o)
    0x0800036c   0x0800036c   0x00000024   Code   RO         4152    .text               c_w.l(_printf_truncate.o)
    0x08000390   0x08000390   0x00000052   Code   RO         4154    .text               c_w.l(_printf_str.o)
    0x080003e2   0x080003e2   0x00000002   PAD
    0x080003e4   0x080003e4   0x00000078   Code   RO         4156    .text               c_w.l(_printf_dec.o)
    0x0800045c   0x0800045c   0x00000028   Code   RO         4158    .text               c_w.l(_printf_charcount.o)
    0x08000484   0x08000484   0x00000030   Code   RO         4160    .text               c_w.l(_printf_char_common.o)
    0x080004b4   0x080004b4   0x0000000a   Code   RO         4162    .text               c_w.l(_sputc.o)
    0x080004be   0x080004be   0x00000002   PAD
    0x080004c0   0x080004c0   0x000000bc   Code   RO         4164    .text               c_w.l(_printf_wctomb.o)
    0x0800057c   0x0800057c   0x0000007c   Code   RO         4167    .text               c_w.l(_printf_longlong_dec.o)
    0x080005f8   0x080005f8   0x00000070   Code   RO         4173    .text               c_w.l(_printf_oct_int_ll.o)
    0x08000668   0x08000668   0x00000094   Code   RO         4193    .text               c_w.l(_printf_hex_int_ll_ptr.o)
    0x080006fc   0x080006fc   0x00000188   Code   RO         4213    .text               c_w.l(__printf_flags_ss_wp.o)
    0x08000884   0x08000884   0x0000008a   Code   RO         4307    .text               c_w.l(lludiv10.o)
    0x0800090e   0x0800090e   0x000000b2   Code   RO         4309    .text               c_w.l(_printf_intcommon.o)
    0x080009c0   0x080009c0   0x0000041e   Code   RO         4311    .text               c_w.l(_printf_fp_dec.o)
    0x08000dde   0x08000dde   0x00000002   PAD
    0x08000de0   0x08000de0   0x000002fc   Code   RO         4313    .text               c_w.l(_printf_fp_hex.o)
    0x080010dc   0x080010dc   0x0000002c   Code   RO         4318    .text               c_w.l(_printf_char.o)
    0x08001108   0x08001108   0x0000002c   Code   RO         4320    .text               c_w.l(_printf_wchar.o)
    0x08001134   0x08001134   0x00000040   Code   RO         4323    .text               c_w.l(_wcrtomb.o)
    0x08001174   0x08001174   0x00000008   Code   RO         4331    .text               c_w.l(libspace.o)
    0x0800117c   0x0800117c   0x0000004a   Code   RO         4334    .text               c_w.l(sys_stackheap_outer.o)
    0x080011c6   0x080011c6   0x00000002   PAD
    0x080011c8   0x080011c8   0x00000010   Code   RO         4336    .text               c_w.l(rt_ctype_table.o)
    0x080011d8   0x080011d8   0x00000008   Code   RO         4341    .text               c_w.l(rt_locale_intlibspace.o)
    0x080011e0   0x080011e0   0x00000080   Code   RO         4343    .text               c_w.l(_printf_fp_infnan.o)
    0x08001260   0x08001260   0x000000e4   Code   RO         4345    .text               c_w.l(bigflt0.o)
    0x08001344   0x08001344   0x00000012   Code   RO         4373    .text               c_w.l(exit.o)
    0x08001356   0x08001356   0x00000002   PAD
    0x08001358   0x08001358   0x0000000c   Code   RO         4450    .text               c_w.l(sys_exit.o)
    0x08001364   0x08001364   0x00000002   Code   RO         4461    .text               c_w.l(use_no_semi.o)
    0x08001366   0x08001366   0x00000000   Code   RO         4463    .text               c_w.l(indicate_semi.o)
    0x08001366   0x08001366   0x0000003e   Code   RO         4348    CL$$btod_d2e        c_w.l(btod.o)
    0x080013a4   0x080013a4   0x00000046   Code   RO         4350    CL$$btod_d2e_denorm_low  c_w.l(btod.o)
    0x080013ea   0x080013ea   0x00000060   Code   RO         4349    CL$$btod_d2e_norm_op1  c_w.l(btod.o)
    0x0800144a   0x0800144a   0x00000338   Code   RO         4358    CL$$btod_div_common  c_w.l(btod.o)
    0x08001782   0x08001782   0x000000dc   Code   RO         4355    CL$$btod_e2e        c_w.l(btod.o)
    0x0800185e   0x0800185e   0x0000002a   Code   RO         4352    CL$$btod_ediv       c_w.l(btod.o)
    0x08001888   0x08001888   0x0000002a   Code   RO         4351    CL$$btod_emul       c_w.l(btod.o)
    0x080018b2   0x080018b2   0x00000244   Code   RO         4357    CL$$btod_mult_common  c_w.l(btod.o)
    0x08001af6   0x08001af6   0x00000002   PAD
    0x08001af8   0x08001af8   0x0000001c   Code   RO         3929    i.Boot_animation    menu.o
    0x08001b14   0x08001b14   0x00000004   Code   RO         3798    i.BusFault_Handler  stm32f10x_it.o
    0x08001b18   0x08001b18   0x0000000c   Code   RO         3541    i.Clear_Location    encoder.o
    0x08001b24   0x08001b24   0x000001c8   Code   RO         3892    i.Control           pid.o
    0x08001cec   0x08001cec   0x00000002   Code   RO         3799    i.DebugMon_Handler  stm32f10x_it.o
    0x08001cee   0x08001cee   0x00000018   Code   RO         3196    i.Delay_ms          delay.o
    0x08001d06   0x08001d06   0x0000002e   Code   RO         3198    i.Delay_us          delay.o
    0x08001d34   0x08001d34   0x00000130   Code   RO         3893    i.Different_Speed   pid.o
    0x08001e64   0x08001e64   0x00000178   Code   RO         3987    i.Element_Noline    element.o
    0x08001fdc   0x08001fdc   0x00000030   Code   RO         3988    i.Element_Normal    element.o
    0x0800200c   0x0800200c   0x00000020   Code   RO         3989    i.Element_Process   element.o
    0x0800202c   0x0800202c   0x00000094   Code   RO         3991    i.Element_Stop      element.o
    0x080020c0   0x080020c0   0x000000bc   Code   RO         3992    i.Element_Ten       element.o
    0x0800217c   0x0800217c   0x00000024   Code   RO         3542    i.Encoder_Get_L     encoder.o
    0x080021a0   0x080021a0   0x00000024   Code   RO         3543    i.Encoder_Get_R     encoder.o
    0x080021c4   0x080021c4   0x00000134   Code   RO         3544    i.Encoder_Init      encoder.o
    0x080022f8   0x080022f8   0x000000ec   Code   RO         3545    i.Encoder_Read      encoder.o
    0x080023e4   0x080023e4   0x0000006c   Code   RO         3867    i.Error_Calcaulate  error.o
    0x08002450   0x08002450   0x0000000c   Code   RO         1041    i.FLASH_ClearFlag   stm32f10x_flash.o
    0x0800245c   0x0800245c   0x0000004c   Code   RO         1046    i.FLASH_ErasePage   stm32f10x_flash.o
    0x080024a8   0x080024a8   0x00000034   Code   RO         1047    i.FLASH_GetBank1Status  stm32f10x_flash.o
    0x080024dc   0x080024dc   0x00000014   Code   RO         1056    i.FLASH_Lock        stm32f10x_flash.o
    0x080024f0   0x080024f0   0x00000040   Code   RO         1059    i.FLASH_ProgramHalfWord  stm32f10x_flash.o
    0x08002530   0x08002530   0x00000006   Code   RO         4036    i.FLASH_ReadHalfWord  store.o
    0x08002536   0x08002536   0x00000002   PAD
    0x08002538   0x08002538   0x00000018   Code   RO         1064    i.FLASH_Unlock      stm32f10x_flash.o
    0x08002550   0x08002550   0x00000026   Code   RO         1068    i.FLASH_WaitForLastOperation  stm32f10x_flash.o
    0x08002576   0x08002576   0x00000116   Code   RO         1347    i.GPIO_Init         stm32f10x_gpio.o
    0x0800268c   0x0800268c   0x00000012   Code   RO         1351    i.GPIO_ReadInputDataBit  stm32f10x_gpio.o
    0x0800269e   0x0800269e   0x00000004   Code   RO         1354    i.GPIO_ResetBits    stm32f10x_gpio.o
    0x080026a2   0x080026a2   0x00000004   Code   RO         1355    i.GPIO_SetBits      stm32f10x_gpio.o
    0x080026a6   0x080026a6   0x0000000a   Code   RO         1358    i.GPIO_WriteBit     stm32f10x_gpio.o
    0x080026b0   0x080026b0   0x00000004   Code   RO         3800    i.HardFault_Handler  stm32f10x_it.o
    0x080026b4   0x080026b4   0x0000009c   Code   RO         3930    i.Homepage_1        menu.o
    0x08002750   0x08002750   0x00000100   Code   RO         3931    i.Homepage_2        menu.o
    0x08002850   0x08002850   0x00000068   Code   RO         3932    i.Homepage_3        menu.o
    0x080028b8   0x080028b8   0x00000078   Code   RO         3933    i.Homepage_4        menu.o
    0x08002930   0x08002930   0x0000001c   Code   RO         3604    i.Key_GetNum        key.o
    0x0800294c   0x0800294c   0x0000004c   Code   RO         3605    i.Key_GetState      key.o
    0x08002998   0x08002998   0x00000044   Code   RO         3606    i.Key_Init          key.o
    0x080029dc   0x080029dc   0x00000054   Code   RO         3607    i.Key_Tick          key.o
    0x08002a30   0x08002a30   0x00000004   Code   RO         3801    i.MemManage_Handler  stm32f10x_it.o
    0x08002a34   0x08002a34   0x00000018   Code   RO         3934    i.Menu_Tick         menu.o
    0x08002a4c   0x08002a4c   0x00000030   Code   RO         3490    i.Motor_Init        motor.o
    0x08002a7c   0x08002a7c   0x00000048   Code   RO         3491    i.Motor_SetPWM_L    motor.o
    0x08002ac4   0x08002ac4   0x00000048   Code   RO         3492    i.Motor_SetPWM_R    motor.o
    0x08002b0c   0x08002b0c   0x00000002   Code   RO         3802    i.NMI_Handler       stm32f10x_it.o
    0x08002b0e   0x08002b0e   0x00000002   PAD
    0x08002b10   0x08002b10   0x00000070   Code   RO          137    i.NVIC_Init         misc.o
    0x08002b80   0x08002b80   0x00000014   Code   RO          138    i.NVIC_PriorityGroupConfig  misc.o
    0x08002b94   0x08002b94   0x00000028   Code   RO         3232    i.OLED_Clear        oled.o
    0x08002bbc   0x08002bbc   0x00000090   Code   RO         3233    i.OLED_ClearArea    oled.o
    0x08002c4c   0x08002c4c   0x00000060   Code   RO         3241    i.OLED_GPIO_Init    oled.o
    0x08002cac   0x08002cac   0x0000003e   Code   RO         3243    i.OLED_I2C_SendByte  oled.o
    0x08002cea   0x08002cea   0x0000001c   Code   RO         3244    i.OLED_I2C_Start    oled.o
    0x08002d06   0x08002d06   0x00000016   Code   RO         3245    i.OLED_I2C_Stop     oled.o
    0x08002d1c   0x08002d1c   0x0000009a   Code   RO         3246    i.OLED_Init         oled.o
    0x08002db6   0x08002db6   0x00000032   Code   RO         3249    i.OLED_Printf       oled.o
    0x08002de8   0x08002de8   0x00000022   Code   RO         3252    i.OLED_SetCursor    oled.o
    0x08002e0a   0x08002e0a   0x00000002   PAD
    0x08002e0c   0x08002e0c   0x00000054   Code   RO         3254    i.OLED_ShowChar     oled.o
    0x08002e60   0x08002e60   0x000000fc   Code   RO         3257    i.OLED_ShowImage    oled.o
    0x08002f5c   0x08002f5c   0x000001c4   Code   RO         3260    i.OLED_ShowString   oled.o
    0x08003120   0x08003120   0x00000028   Code   RO         3261    i.OLED_Update       oled.o
    0x08003148   0x08003148   0x00000018   Code   RO         3263    i.OLED_W_SCL        oled.o
    0x08003160   0x08003160   0x00000018   Code   RO         3264    i.OLED_W_SDA        oled.o
    0x08003178   0x08003178   0x00000020   Code   RO         3265    i.OLED_WriteCommand  oled.o
    0x08003198   0x08003198   0x0000002e   Code   RO         3266    i.OLED_WriteData    oled.o
    0x080031c6   0x080031c6   0x00000002   PAD
    0x080031c8   0x080031c8   0x00000094   Code   RO         3894    i.PID_Control       pid.o
    0x0800325c   0x0800325c   0x000000bc   Code   RO         3517    i.PWM_Init          pwm.o
    0x08003318   0x08003318   0x00000014   Code   RO         3518    i.PWM_SetCompare1   pwm.o
    0x0800332c   0x0800332c   0x00000014   Code   RO         3519    i.PWM_SetCompare4   pwm.o
    0x08003340   0x08003340   0x00000002   Code   RO         3803    i.PendSV_Handler    stm32f10x_it.o
    0x08003342   0x08003342   0x00000002   PAD
    0x08003344   0x08003344   0x00000050   Code   RO         3895    i.Place_Control     pid.o
    0x08003394   0x08003394   0x00000020   Code   RO         1775    i.RCC_APB1PeriphClockCmd  stm32f10x_rcc.o
    0x080033b4   0x080033b4   0x00000020   Code   RO         1777    i.RCC_APB2PeriphClockCmd  stm32f10x_rcc.o
    0x080033d4   0x080033d4   0x0000004c   Code   RO         3580    i.SENSOR_GPIO_Config  sensor.o
    0x08003420   0x08003420   0x00000002   Code   RO         3804    i.SVC_Handler       stm32f10x_it.o
    0x08003422   0x08003422   0x00000008   Code   RO           24    i.SetSysClock       system_stm32f10x.o
    0x0800342a   0x0800342a   0x00000002   PAD
    0x0800342c   0x0800342c   0x000000e0   Code   RO           25    i.SetSysClockTo72   system_stm32f10x.o
    0x0800350c   0x0800350c   0x000000dc   Code   RO         4037    i.Store_Init        store.o
    0x080035e8   0x080035e8   0x000000c8   Code   RO         4038    i.Store_Save        store.o
    0x080036b0   0x080036b0   0x00000002   Code   RO         3805    i.SysTick_Handler   stm32f10x_it.o
    0x080036b2   0x080036b2   0x00000002   PAD
    0x080036b4   0x080036b4   0x00000060   Code   RO           27    i.SystemInit        system_stm32f10x.o
    0x08003714   0x08003714   0x00000080   Code   RO         2405    i.TI1_Config        stm32f10x_tim.o
    0x08003794   0x08003794   0x00000098   Code   RO         2406    i.TI2_Config        stm32f10x_tim.o
    0x0800382c   0x0800382c   0x00000090   Code   RO         2407    i.TI3_Config        stm32f10x_tim.o
    0x080038bc   0x080038bc   0x00000098   Code   RO         2408    i.TI4_Config        stm32f10x_tim.o
    0x08003954   0x08003954   0x00000024   Code   RO         3774    i.TIM2_IRQHandler   main.o
    0x08003978   0x08003978   0x00000018   Code   RO         2409    i.TIM_ARRPreloadConfig  stm32f10x_tim.o
    0x08003990   0x08003990   0x00000006   Code   RO         2415    i.TIM_ClearFlag     stm32f10x_tim.o
    0x08003996   0x08003996   0x00000006   Code   RO         2416    i.TIM_ClearITPendingBit  stm32f10x_tim.o
    0x0800399c   0x0800399c   0x00000018   Code   RO         2421    i.TIM_Cmd           stm32f10x_tim.o
    0x080039b4   0x080039b4   0x0000001e   Code   RO         2423    i.TIM_CtrlPWMOutputs  stm32f10x_tim.o
    0x080039d2   0x080039d2   0x00000042   Code   RO         2430    i.TIM_EncoderInterfaceConfig  stm32f10x_tim.o
    0x08003a14   0x08003a14   0x00000006   Code   RO         2440    i.TIM_GetCounter    stm32f10x_tim.o
    0x08003a1a   0x08003a1a   0x00000022   Code   RO         2442    i.TIM_GetITStatus   stm32f10x_tim.o
    0x08003a3c   0x08003a3c   0x000000ac   Code   RO         2444    i.TIM_ICInit        stm32f10x_tim.o
    0x08003ae8   0x08003ae8   0x00000012   Code   RO         2445    i.TIM_ICStructInit  stm32f10x_tim.o
    0x08003afa   0x08003afa   0x00000012   Code   RO         2446    i.TIM_ITConfig      stm32f10x_tim.o
    0x08003b0c   0x08003b0c   0x0000000c   Code   RO         2448    i.TIM_InternalClockConfig  stm32f10x_tim.o
    0x08003b18   0x08003b18   0x00000098   Code   RO         2450    i.TIM_OC1Init       stm32f10x_tim.o
    0x08003bb0   0x08003bb0   0x00000012   Code   RO         2453    i.TIM_OC1PreloadConfig  stm32f10x_tim.o
    0x08003bc2   0x08003bc2   0x00000002   PAD
    0x08003bc4   0x08003bc4   0x0000007c   Code   RO         2465    i.TIM_OC4Init       stm32f10x_tim.o
    0x08003c40   0x08003c40   0x00000014   Code   RO         2468    i.TIM_OCStructInit  stm32f10x_tim.o
    0x08003c54   0x08003c54   0x00000004   Code   RO         2482    i.TIM_SetCompare1   stm32f10x_tim.o
    0x08003c58   0x08003c58   0x00000006   Code   RO         2485    i.TIM_SetCompare4   stm32f10x_tim.o
    0x08003c5e   0x08003c5e   0x00000004   Code   RO         2486    i.TIM_SetCounter    stm32f10x_tim.o
    0x08003c62   0x08003c62   0x00000012   Code   RO         2487    i.TIM_SetIC1Prescaler  stm32f10x_tim.o
    0x08003c74   0x08003c74   0x0000001a   Code   RO         2488    i.TIM_SetIC2Prescaler  stm32f10x_tim.o
    0x08003c8e   0x08003c8e   0x00000012   Code   RO         2489    i.TIM_SetIC3Prescaler  stm32f10x_tim.o
    0x08003ca0   0x08003ca0   0x0000001a   Code   RO         2490    i.TIM_SetIC4Prescaler  stm32f10x_tim.o
    0x08003cba   0x08003cba   0x00000002   PAD
    0x08003cbc   0x08003cbc   0x000000a4   Code   RO         2492    i.TIM_TimeBaseInit  stm32f10x_tim.o
    0x08003d60   0x08003d60   0x0000007c   Code   RO         3220    i.Timer_Init        timer.o
    0x08003ddc   0x08003ddc   0x00000038   Code   RO         3704    i.USART3_IRQHandler  serial.o
    0x08003e14   0x08003e14   0x0000001e   Code   RO         2957    i.USART_ClearITPendingBit  stm32f10x_usart.o
    0x08003e32   0x08003e32   0x00000054   Code   RO         2964    i.USART_GetITStatus  stm32f10x_usart.o
    0x08003e86   0x08003e86   0x0000000a   Code   RO         2974    i.USART_ReceiveData  stm32f10x_usart.o
    0x08003e90   0x08003e90   0x00000004   Code   RO         3806    i.UsageFault_Handler  stm32f10x_it.o
    0x08003e94   0x08003e94   0x00000028   Code   RO         4327    i.__ARM_fpclassify  m_ws.l(fpclassify.o)
    0x08003ebc   0x08003ebc   0x0000000e   Code   RO         4206    i._is_digit         c_w.l(__printf_wp.o)
    0x08003eca   0x08003eca   0x00000002   PAD
    0x08003ecc   0x08003ecc   0x00000074   Code   RO         3581    i.digital           sensor.o
    0x08003f40   0x08003f40   0x00000034   Code   RO         3775    i.main              main.o
    0x08003f74   0x08003f74   0x00000218   Code   RO         3935    i.menu_operation    menu.o
    0x0800418c   0x0800418c   0x0000002c   Code   RO         4371    locale$$code        c_w.l(lc_numeric_c.o)
    0x080041b8   0x080041b8   0x0000002c   Code   RO         4388    locale$$code        c_w.l(lc_ctype_c.o)
    0x080041e4   0x080041e4   0x00000062   Code   RO         4071    x$fpl$d2f           fz_ws.l(d2f.o)
    0x08004246   0x08004246   0x0000002e   Code   RO         4092    x$fpl$dflt          fz_ws.l(dflt_clz.o)
    0x08004274   0x08004274   0x00000154   Code   RO         4099    x$fpl$dmul          fz_ws.l(dmul.o)
    0x080043c8   0x080043c8   0x0000009c   Code   RO         4241    x$fpl$dnaninf       fz_ws.l(dnaninf.o)
    0x08004464   0x08004464   0x0000000c   Code   RO         4243    x$fpl$dretinf       fz_ws.l(dretinf.o)
    0x08004470   0x08004470   0x00000056   Code   RO         4103    x$fpl$f2d           fz_ws.l(f2d.o)
    0x080044c6   0x080044c6   0x00000002   PAD
    0x080044c8   0x080044c8   0x000000c4   Code   RO         4105    x$fpl$fadd          fz_ws.l(faddsub_clz.o)
    0x0800458c   0x0800458c   0x00000018   Code   RO         4247    x$fpl$fcmpinf       fz_ws.l(fcmpi.o)
    0x080045a4   0x080045a4   0x00000184   Code   RO         4112    x$fpl$fdiv          fz_ws.l(fdiv.o)
    0x08004728   0x08004728   0x00000036   Code   RO         4115    x$fpl$ffix          fz_ws.l(ffix.o)
    0x0800475e   0x0800475e   0x00000002   PAD
    0x08004760   0x08004760   0x0000003e   Code   RO         4119    x$fpl$ffixu         fz_ws.l(ffixu.o)
    0x0800479e   0x0800479e   0x00000002   PAD
    0x080047a0   0x080047a0   0x00000030   Code   RO         4124    x$fpl$fflt          fz_ws.l(fflt_clz.o)
    0x080047d0   0x080047d0   0x00000026   Code   RO         4123    x$fpl$ffltu         fz_ws.l(fflt_clz.o)
    0x080047f6   0x080047f6   0x00000002   PAD
    0x080047f8   0x080047f8   0x00000068   Code   RO         4129    x$fpl$fleqf         fz_ws.l(fleqf.o)
    0x08004860   0x08004860   0x00000102   Code   RO         4131    x$fpl$fmul          fz_ws.l(fmul.o)
    0x08004962   0x08004962   0x0000008c   Code   RO         4249    x$fpl$fnaninf       fz_ws.l(fnaninf.o)
    0x080049ee   0x080049ee   0x0000000a   Code   RO         4251    x$fpl$fretinf       fz_ws.l(fretinf.o)
    0x080049f8   0x080049f8   0x00000062   Code   RO         4133    x$fpl$frleqf        fz_ws.l(frleqf.o)
    0x08004a5a   0x08004a5a   0x00000014   Code   RO         4106    x$fpl$frsb          fz_ws.l(faddsub_clz.o)
    0x08004a6e   0x08004a6e   0x00000002   PAD
    0x08004a70   0x08004a70   0x000000ea   Code   RO         4107    x$fpl$fsub          fz_ws.l(faddsub_clz.o)
    0x08004b5a   0x08004b5a   0x00000004   Code   RO         4253    x$fpl$printf1       fz_ws.l(printf1.o)
    0x08004b5e   0x08004b5e   0x00000004   Code   RO         4255    x$fpl$printf2       fz_ws.l(printf2.o)
    0x08004b62   0x08004b62   0x00000000   Code   RO         4261    x$fpl$usenofp       fz_ws.l(usenofp.o)
    0x08004b62   0x08004b62   0x0000094d   Data   RO         3478    .constdata          oled_data.o
    0x080054af   0x080054af   0x00000001   PAD
    0x080054b0   0x080054b0   0x00000028   Data   RO         3869    .constdata          error.o
    0x080054d8   0x080054d8   0x00000008   Data   RO         4165    .constdata          c_w.l(_printf_wctomb.o)
    0x080054e0   0x080054e0   0x00000028   Data   RO         4194    .constdata          c_w.l(_printf_hex_int_ll_ptr.o)
    0x08005508   0x08005508   0x00000011   Data   RO         4214    .constdata          c_w.l(__printf_flags_ss_wp.o)
    0x08005519   0x08005519   0x00000026   Data   RO         4314    .constdata          c_w.l(_printf_fp_hex.o)
    0x0800553f   0x0800553f   0x00000001   PAD
    0x08005540   0x08005540   0x00000094   Data   RO         4346    .constdata          c_w.l(bigflt0.o)
    0x080055d4   0x080055d4   0x00000020   Data   RO         4516    Region$$Table       anon$$obj.o
    0x080055f4   0x080055f4   0x0000001c   Data   RO         4370    locale$$data        c_w.l(lc_numeric_c.o)
    0x08005610   0x08005610   0x00000110   Data   RO         4387    locale$$data        c_w.l(lc_ctype_c.o)


    Execution Region RW_IRAM1 (Exec base: 0x20000000, Load base: 0x08005720, Size: 0x00000b58, Max: 0x00005000, ABSOLUTE)

    Exec Addr    Load Addr    Size         Type   Attr      Idx    E Section Name        Object

    0x20000000   0x08005720   0x0000001c   Data   RW         3546    .data               encoder.o
    0x2000001c   0x0800573c   0x00000004   Data   RW         3608    .data               key.o
    0x20000020   0x08005740   0x00000002   Data   RW         3706    .data               serial.o
    0x20000022   0x08005742   0x00000002   PAD
    0x20000024   0x08005744   0x00000004   Data   RW         3870    .data               error.o
    0x20000028   0x08005748   0x00000050   Data   RW         3896    .data               pid.o
    0x20000078   0x08005798   0x00000068   Data   RW         3936    .data               menu.o
    0x200000e0   0x08005800   0x00000018   Data   RW         3993    .data               element.o
    0x200000f8        -       0x00000400   Zero   RW         3268    .bss                oled.o
    0x200004f8        -       0x00000060   Zero   RW         4332    .bss                c_w.l(libspace.o)
    0x20000558        -       0x00000200   Zero   RW            2    HEAP                startup_stm32f10x_md.o
    0x20000758        -       0x00000400   Zero   RW            1    STACK               startup_stm32f10x_md.o


==============================================================================

Image component sizes


      Code (inc. data)   RO Data    RW Data    ZI Data      Debug   Object Name

         0          0          0          0          0       4508   core_cm3.o
        70          0          0          0          0        858   delay.o
       792        136          0         24          0       3142   element.o
       628         70          0         28          0       2815   encoder.o
       108         10         40          4          0       1141   error.o
       256         40          0          4          0       2039   key.o
        88          4          0          0          0        829   main.o
      1224        326          0        104          0       4195   menu.o
       132         22          0          0          0     204575   misc.o
       192         16          0          0          0       1391   motor.o
      1584         52          0          0       1024      10561   oled.o
         0          0       2381          0          0        978   oled_data.o
       988        112          0         80          0       3710   pid.o
       228         20          0          0          0       1499   pwm.o
       192         24          0          0          0       1027   sensor.o
        56         12          0          2          0        658   serial.o
        64         26        236          0       1536        788   startup_stm32f10x_md.o
         0          0          0          0          0       1624   stm32f10x_adc.o
       286         36          0          0          0       9720   stm32f10x_flash.o
       314          0          0          0          0      12088   stm32f10x_gpio.o
        26          0          0          0          0       3422   stm32f10x_it.o
        64         12          0          0          0       1002   stm32f10x_rcc.o
      1572        180          0          0          0      35909   stm32f10x_tim.o
       124          0          0          0          0       9054   stm32f10x_usart.o
       426         92          0          0          0       1387   store.o
       328         28          0          0          0      36553   system_stm32f10x.o
       124          0          0          0          0        509   timer.o

    ----------------------------------------------------------------------
      9884       1218       2690        248       2560     355982   Object Totals
         0          0         32          0          0          0   (incl. Generated)
        18          0          1          2          0          0   (incl. Padding)

    ----------------------------------------------------------------------

      Code (inc. data)   RO Data    RW Data    ZI Data      Debug   Library Member Name

         8          0          0          0          0         68   __main.o
       392          4         17          0          0         92   __printf_flags_ss_wp.o
        14          0          0          0          0         68   __printf_wp.o
         0          0          0          0          0          0   __rtentry.o
        12          0          0          0          0          0   __rtentry2.o
         6          0          0          0          0          0   __rtentry4.o
        52          8          0          0          0          0   __scatter.o
        26          0          0          0          0          0   __scatter_copy.o
        28          0          0          0          0          0   __scatter_zi.o
         6          0          0          0          0          0   _printf_a.o
         6          0          0          0          0          0   _printf_c.o
        44          0          0          0          0        108   _printf_char.o
        48          6          0          0          0         96   _printf_char_common.o
        40          0          0          0          0         68   _printf_charcount.o
         6          0          0          0          0          0   _printf_d.o
       120         16          0          0          0         92   _printf_dec.o
         6          0          0          0          0          0   _printf_e.o
         6          0          0          0          0          0   _printf_f.o
      1054          0          0          0          0        216   _printf_fp_dec.o
       764          8         38          0          0        100   _printf_fp_hex.o
       128         16          0          0          0         84   _printf_fp_infnan.o
         6          0          0          0          0          0   _printf_g.o
       148          4         40          0          0        160   _printf_hex_int_ll_ptr.o
         6          0          0          0          0          0   _printf_i.o
       178          0          0          0          0         88   _printf_intcommon.o
        10          0          0          0          0          0   _printf_l.o
         6          0          0          0          0          0   _printf_lc.o
        10          0          0          0          0          0   _printf_ll.o
         6          0          0          0          0          0   _printf_lld.o
         6          0          0          0          0          0   _printf_lli.o
         6          0          0          0          0          0   _printf_llo.o
         6          0          0          0          0          0   _printf_llu.o
         6          0          0          0          0          0   _printf_llx.o
       124         16          0          0          0         92   _printf_longlong_dec.o
         6          0          0          0          0          0   _printf_ls.o
         6          0          0          0          0          0   _printf_n.o
         6          0          0          0          0          0   _printf_o.o
       112         10          0          0          0        124   _printf_oct_int_ll.o
         6          0          0          0          0          0   _printf_p.o
        78          0          0          0          0        108   _printf_pad.o
         0          0          0          0          0          0   _printf_percent.o
         4          0          0          0          0          0   _printf_percent_end.o
         6          0          0          0          0          0   _printf_s.o
        82          0          0          0          0         80   _printf_str.o
        36          0          0          0          0         84   _printf_truncate.o
         6          0          0          0          0          0   _printf_u.o
        44          0          0          0          0        108   _printf_wchar.o
       188          6          8          0          0         92   _printf_wctomb.o
         6          0          0          0          0          0   _printf_x.o
        10          0          0          0          0         68   _sputc.o
        64          0          0          0          0         92   _wcrtomb.o
       228          4        148          0          0         96   bigflt0.o
      1936        128          0          0          0        672   btod.o
        18          0          0          0          0         80   exit.o
         6          0          0          0          0        152   heapauxi.o
         0          0          0          0          0          0   indicate_semi.o
        44         10        272          0          0         76   lc_ctype_c.o
        44         10         28          0          0         76   lc_numeric_c.o
         2          0          0          0          0          0   libinit.o
        30          0          0          0          0          0   libinit2.o
         2          0          0          0          0          0   libshutdown.o
         2          0          0          0          0          0   libshutdown2.o
         8          4          0          0         96         68   libspace.o
       138          0          0          0          0         80   lludiv10.o
        16          4          0          0          0         76   rt_ctype_table.o
         8          4          0          0          0         68   rt_locale_intlibspace.o
         2          0          0          0          0          0   rtexit.o
        10          0          0          0          0          0   rtexit2.o
       128          0          0          0          0         68   strcmpv7m.o
        12          4          0          0          0         68   sys_exit.o
        74          0          0          0          0         80   sys_stackheap_outer.o
         2          0          0          0          0         68   use_no_semi.o
        36          4          0          0          0         76   vsprintf.o
        98          4          0          0          0         92   d2f.o
        46          0          0          0          0         68   dflt_clz.o
       340         12          0          0          0        104   dmul.o
       156          4          0          0          0         92   dnaninf.o
        12          0          0          0          0         68   dretinf.o
        86          4          0          0          0         84   f2d.o
       450          8          0          0          0        236   faddsub_clz.o
        24          0          0          0          0         68   fcmpi.o
       388         76          0          0          0         96   fdiv.o
        54          4          0          0          0         84   ffix.o
        62          4          0          0          0         84   ffixu.o
        86          0          0          0          0        136   fflt_clz.o
       104          4          0          0          0         84   fleqf.o
       258          4          0          0          0         84   fmul.o
       140          4          0          0          0         84   fnaninf.o
        10          0          0          0          0         68   fretinf.o
        98          0          0          0          0         68   frleqf.o
         4          0          0          0          0         68   printf1.o
         4          0          0          0          0         68   printf2.o
         0          0          0          0          0          0   usenofp.o
        40          0          0          0          0         68   fpclassify.o

    ----------------------------------------------------------------------
      9178        394        552          0         96       5696   Library Totals
        28          0          1          0          0          0   (incl. Padding)

    ----------------------------------------------------------------------

      Code (inc. data)   RO Data    RW Data    ZI Data      Debug   Library Name

      6690        266        551          0         96       3892   c_w.l
      2420        128          0          0          0       1736   fz_ws.l
        40          0          0          0          0         68   m_ws.l

    ----------------------------------------------------------------------
      9178        394        552          0         96       5696   Library Totals

    ----------------------------------------------------------------------

==============================================================================


      Code (inc. data)   RO Data    RW Data    ZI Data      Debug   

     19062       1612       3242        248       2656     352418   Grand Totals
     19062       1612       3242        248       2656     352418   ELF Image Totals
     19062       1612       3242        248          0          0   ROM Totals

==============================================================================

    Total RO  Size (Code + RO Data)                22304 (  21.78kB)
    Total RW  Size (RW Data + ZI Data)              2904 (   2.84kB)
    Total ROM Size (Code + RO Data + RW Data)      22552 (  22.02kB)

==============================================================================

